Archive member included to satisfy reference by file (symbol)

D:/ARMGNU~1/14EFD8~1.2RE/bin/../lib/gcc/arm-none-eabi/14.2.1/thumb/v7e-m+fp/hard\libc_nano.a(libc_a-exit.o)
                              D:/ARMGNU~1/14EFD8~1.2RE/bin/../lib/gcc/arm-none-eabi/14.2.1/thumb/v7e-m+fp/hard/crt0.o (exit)
D:/ARMGNU~1/14EFD8~1.2RE/bin/../lib/gcc/arm-none-eabi/14.2.1/thumb/v7e-m+fp/hard\libc_nano.a(libc_a-findfp.o)
                              D:/ARMGNU~1/14EFD8~1.2RE/bin/../lib/gcc/arm-none-eabi/14.2.1/thumb/v7e-m+fp/hard\libc_nano.a(libc_a-exit.o) (__stdio_exit_handler)
D:/ARMGNU~1/14EFD8~1.2RE/bin/../lib/gcc/arm-none-eabi/14.2.1/thumb/v7e-m+fp/hard\libc_nano.a(libc_a-fwalk.o)
                              D:/ARMGNU~1/14EFD8~1.2RE/bin/../lib/gcc/arm-none-eabi/14.2.1/thumb/v7e-m+fp/hard\libc_nano.a(libc_a-findfp.o) (_fwalk_sglue)
D:/ARMGNU~1/14EFD8~1.2RE/bin/../lib/gcc/arm-none-eabi/14.2.1/thumb/v7e-m+fp/hard\libc_nano.a(libc_a-stdio.o)
                              D:/ARMGNU~1/14EFD8~1.2RE/bin/../lib/gcc/arm-none-eabi/14.2.1/thumb/v7e-m+fp/hard\libc_nano.a(libc_a-findfp.o) (__sread)
D:/ARMGNU~1/14EFD8~1.2RE/bin/../lib/gcc/arm-none-eabi/14.2.1/thumb/v7e-m+fp/hard\libc_nano.a(libc_a-memset.o)
                              D:/ARMGNU~1/14EFD8~1.2RE/bin/../lib/gcc/arm-none-eabi/14.2.1/thumb/v7e-m+fp/hard/crt0.o (memset)
D:/ARMGNU~1/14EFD8~1.2RE/bin/../lib/gcc/arm-none-eabi/14.2.1/thumb/v7e-m+fp/hard\libc_nano.a(libc_a-closer.o)
                              D:/ARMGNU~1/14EFD8~1.2RE/bin/../lib/gcc/arm-none-eabi/14.2.1/thumb/v7e-m+fp/hard\libc_nano.a(libc_a-stdio.o) (_close_r)
D:/ARMGNU~1/14EFD8~1.2RE/bin/../lib/gcc/arm-none-eabi/14.2.1/thumb/v7e-m+fp/hard\libc_nano.a(libc_a-reent.o)
                              D:/ARMGNU~1/14EFD8~1.2RE/bin/../lib/gcc/arm-none-eabi/14.2.1/thumb/v7e-m+fp/hard\libc_nano.a(libc_a-closer.o) (errno)
D:/ARMGNU~1/14EFD8~1.2RE/bin/../lib/gcc/arm-none-eabi/14.2.1/thumb/v7e-m+fp/hard\libc_nano.a(libc_a-impure.o)
                              D:/ARMGNU~1/14EFD8~1.2RE/bin/../lib/gcc/arm-none-eabi/14.2.1/thumb/v7e-m+fp/hard\libc_nano.a(libc_a-reent.o) (_impure_ptr)
D:/ARMGNU~1/14EFD8~1.2RE/bin/../lib/gcc/arm-none-eabi/14.2.1/thumb/v7e-m+fp/hard\libc_nano.a(libc_a-lseekr.o)
                              D:/ARMGNU~1/14EFD8~1.2RE/bin/../lib/gcc/arm-none-eabi/14.2.1/thumb/v7e-m+fp/hard\libc_nano.a(libc_a-stdio.o) (_lseek_r)
D:/ARMGNU~1/14EFD8~1.2RE/bin/../lib/gcc/arm-none-eabi/14.2.1/thumb/v7e-m+fp/hard\libc_nano.a(libc_a-readr.o)
                              D:/ARMGNU~1/14EFD8~1.2RE/bin/../lib/gcc/arm-none-eabi/14.2.1/thumb/v7e-m+fp/hard\libc_nano.a(libc_a-stdio.o) (_read_r)
D:/ARMGNU~1/14EFD8~1.2RE/bin/../lib/gcc/arm-none-eabi/14.2.1/thumb/v7e-m+fp/hard\libc_nano.a(libc_a-writer.o)
                              D:/ARMGNU~1/14EFD8~1.2RE/bin/../lib/gcc/arm-none-eabi/14.2.1/thumb/v7e-m+fp/hard\libc_nano.a(libc_a-stdio.o) (_write_r)
D:/ARMGNU~1/14EFD8~1.2RE/bin/../lib/gcc/arm-none-eabi/14.2.1/thumb/v7e-m+fp/hard\libc_nano.a(libc_a-init.o)
                              D:/ARMGNU~1/14EFD8~1.2RE/bin/../lib/gcc/arm-none-eabi/14.2.1/thumb/v7e-m+fp/hard/crt0.o (__libc_init_array)
D:/ARMGNU~1/14EFD8~1.2RE/bin/../lib/gcc/arm-none-eabi/14.2.1/thumb/v7e-m+fp/hard\libc_nano.a(libc_a-lock.o)
                              D:/ARMGNU~1/14EFD8~1.2RE/bin/../lib/gcc/arm-none-eabi/14.2.1/thumb/v7e-m+fp/hard\libc_nano.a(libc_a-findfp.o) (__retarget_lock_init_recursive)
D:/ARMGNU~1/14EFD8~1.2RE/bin/../lib/gcc/arm-none-eabi/14.2.1/thumb/v7e-m+fp/hard\libc_nano.a(libc_a-freer.o)
                              D:/ARMGNU~1/14EFD8~1.2RE/bin/../lib/gcc/arm-none-eabi/14.2.1/thumb/v7e-m+fp/hard\libc_nano.a(libc_a-reent.o) (_free_r)
D:/ARMGNU~1/14EFD8~1.2RE/bin/../lib/gcc/arm-none-eabi/14.2.1/thumb/v7e-m+fp/hard\libc_nano.a(libc_a-mallocr.o)
                              D:/ARMGNU~1/14EFD8~1.2RE/bin/../lib/gcc/arm-none-eabi/14.2.1/thumb/v7e-m+fp/hard\libc_nano.a(libc_a-findfp.o) (_malloc_r)
D:/ARMGNU~1/14EFD8~1.2RE/bin/../lib/gcc/arm-none-eabi/14.2.1/thumb/v7e-m+fp/hard\libc_nano.a(libc_a-mlock.o)
                              D:/ARMGNU~1/14EFD8~1.2RE/bin/../lib/gcc/arm-none-eabi/14.2.1/thumb/v7e-m+fp/hard\libc_nano.a(libc_a-freer.o) (__malloc_lock)
D:/ARMGNU~1/14EFD8~1.2RE/bin/../lib/gcc/arm-none-eabi/14.2.1/thumb/v7e-m+fp/hard\libc_nano.a(libc_a-fflush.o)
                              D:/ARMGNU~1/14EFD8~1.2RE/bin/../lib/gcc/arm-none-eabi/14.2.1/thumb/v7e-m+fp/hard\libc_nano.a(libc_a-findfp.o) (_fflush_r)
D:/ARMGNU~1/14EFD8~1.2RE/bin/../lib/gcc/arm-none-eabi/14.2.1/thumb/v7e-m+fp/hard\libc_nano.a(libc_a-sbrkr.o)
                              D:/ARMGNU~1/14EFD8~1.2RE/bin/../lib/gcc/arm-none-eabi/14.2.1/thumb/v7e-m+fp/hard\libc_nano.a(libc_a-mallocr.o) (_sbrk_r)
D:/ARMGNU~1/14EFD8~1.2RE/bin/../lib/gcc/arm-none-eabi/14.2.1/thumb/v7e-m+fp/hard\libgcc.a(_aeabi_uldivmod.o)
                              cmake/stm32cubemx/CMakeFiles/STM32_Drivers.dir/__/__/Drivers/STM32F4xx_HAL_Driver/Src/stm32f4xx_hal_rcc.c.obj (__aeabi_uldivmod)
[...]
Memory Configuration

Name             Origin             Length             Attributes
RAM              0x20000000         0x00020000         xrw
FLASH            0x08000000         0x00080000         xr
*default*        0x00000000         0xffffffff

Linker script and memory map

LOAD D:/ARMGNU~1/14EFD8~1.2RE/bin/../lib/gcc/arm-none-eabi/14.2.1/thumb/v7e-m+fp/hard/crti.o
LOAD D:/ARMGNU~1/14EFD8~1.2RE/bin/../lib/gcc/arm-none-eabi/14.2.1/thumb/v7e-m+fp/hard/crtbegin.o
LOAD D:/ARMGNU~1/14EFD8~1.2RE/bin/../lib/gcc/arm-none-eabi/14.2.1/thumb/v7e-m+fp/hard/crt0.o
START GROUP
LOAD D:/ARMGNU~1/14EFD8~1.2RE/bin/../lib/gcc/arm-none-eabi/14.2.1/thumb/v7e-m+fp/hard\libc_nano.a
LOAD D:/ARMGNU~1/14EFD8~1.2RE/bin/../lib/gcc/arm-none-eabi/14.2.1/thumb/v7e-m+fp/hard\libm.a
END GROUP
LOAD cmake/stm32cubemx/CMakeFiles/STM32_Drivers.dir/__/__/Core/Src/system_stm32f4xx.c.obj
LOAD cmake/stm32cubemx/CMakeFiles/STM32_Drivers.dir/__/__/Drivers/STM32F4xx_HAL_Driver/Src/stm32f4xx_hal_tim.c.obj
LOAD cmake/stm32cubemx/CMakeFiles/STM32_Drivers.dir/__/__/Drivers/STM32F4xx_HAL_Driver/Src/stm32f4xx_hal_tim_ex.c.obj
LOAD cmake/stm32cubemx/CMakeFiles/STM32_Drivers.dir/__/__/Drivers/STM32F4xx_HAL_Driver/Src/stm32f4xx_hal_adc.c.obj
LOAD cmake/stm32cubemx/CMakeFiles/STM32_Drivers.dir/__/__/Drivers/STM32F4xx_HAL_Driver/Src/stm32f4xx_hal_adc_ex.c.obj
LOAD cmake/stm32cubemx/CMakeFiles/STM32_Drivers.dir/__/__/Drivers/STM32F4xx_HAL_Driver/Src/stm32f4xx_ll_adc.c.obj
LOAD cmake/stm32cubemx/CMakeFiles/STM32_Drivers.dir/__/__/Drivers/STM32F4xx_HAL_Driver/Src/stm32f4xx_hal_rcc.c.obj
LOAD cmake/stm32cubemx/CMakeFiles/STM32_Drivers.dir/__/__/Drivers/STM32F4xx_HAL_Driver/Src/stm32f4xx_hal_rcc_ex.c.obj
LOAD cmake/stm32cubemx/CMakeFiles/STM32_Drivers.dir/__/__/Drivers/STM32F4xx_HAL_Driver/Src/stm32f4xx_hal_flash.c.obj
LOAD cmake/stm32cubemx/CMakeFiles/STM32_Drivers.dir/__/__/Drivers/STM32F4xx_HAL_Driver/Src/stm32f4xx_hal_flash_ex.c.obj
LOAD cmake/stm32cubemx/CMakeFiles/STM32_Drivers.dir/__/__/Drivers/STM32F4xx_HAL_Driver/Src/stm32f4xx_hal_flash_ramfunc.c.obj
LOAD cmake/stm32cubemx/CMakeFiles/STM32_Drivers.dir/__/__/Drivers/STM32F4xx_HAL_Driver/Src/stm32f4xx_hal_gpio.c.obj
LOAD cmake/stm32cubemx/CMakeFiles/STM32_Drivers.dir/__/__/Drivers/STM32F4xx_HAL_Driver/Src/stm32f4xx_hal_dma_ex.c.obj
LOAD cmake/stm32cubemx/CMakeFiles/STM32_Drivers.dir/__/__/Drivers/STM32F4xx_HAL_Driver/Src/stm32f4xx_hal_dma.c.obj
LOAD cmake/stm32cubemx/CMakeFiles/STM32_Drivers.dir/__/__/Drivers/STM32F4xx_HAL_Driver/Src/stm32f4xx_hal_pwr.c.obj
LOAD cmake/stm32cubemx/CMakeFiles/STM32_Drivers.dir/__/__/Drivers/STM32F4xx_HAL_Driver/Src/stm32f4xx_hal_pwr_ex.c.obj
LOAD cmake/stm32cubemx/CMakeFiles/STM32_Drivers.dir/__/__/Drivers/STM32F4xx_HAL_Driver/Src/stm32f4xx_hal_cortex.c.obj
LOAD cmake/stm32cubemx/CMakeFiles/STM32_Drivers.dir/__/__/Drivers/STM32F4xx_HAL_Driver/Src/stm32f4xx_hal.c.obj
LOAD cmake/stm32cubemx/CMakeFiles/STM32_Drivers.dir/__/__/Drivers/STM32F4xx_HAL_Driver/Src/stm32f4xx_hal_exti.c.obj
LOAD cmake/stm32cubemx/CMakeFiles/STM32_Drivers.dir/__/__/Drivers/STM32F4xx_HAL_Driver/Src/stm32f4xx_hal_spi.c.obj
LOAD cmake/stm32cubemx/CMakeFiles/STM32_Drivers.dir/__/__/Drivers/STM32F4xx_HAL_Driver/Src/stm32f4xx_hal_uart.c.obj
LOAD cmake/stm32cubemx/CMakeFiles/FreeRTOS.dir/__/__/Middlewares/Third_Party/FreeRTOS/Source/croutine.c.obj
LOAD cmake/stm32cubemx/CMakeFiles/FreeRTOS.dir/__/__/Middlewares/Third_Party/FreeRTOS/Source/event_groups.c.obj
LOAD cmake/stm32cubemx/CMakeFiles/FreeRTOS.dir/__/__/Middlewares/Third_Party/FreeRTOS/Source/list.c.obj
LOAD cmake/stm32cubemx/CMakeFiles/FreeRTOS.dir/__/__/Middlewares/Third_Party/FreeRTOS/Source/queue.c.obj
LOAD cmake/stm32cubemx/CMakeFiles/FreeRTOS.dir/__/__/Middlewares/Third_Party/FreeRTOS/Source/stream_buffer.c.obj
LOAD cmake/stm32cubemx/CMakeFiles/FreeRTOS.dir/__/__/Middlewares/Third_Party/FreeRTOS/Source/tasks.c.obj
LOAD cmake/stm32cubemx/CMakeFiles/FreeRTOS.dir/__/__/Middlewares/Third_Party/FreeRTOS/Source/timers.c.obj
LOAD cmake/stm32cubemx/CMakeFiles/FreeRTOS.dir/__/__/Middlewares/Third_Party/FreeRTOS/Source/CMSIS_RTOS_V2/cmsis_os2.c.obj
LOAD cmake/stm32cubemx/CMakeFiles/FreeRTOS.dir/__/__/Middlewares/Third_Party/FreeRTOS/Source/portable/MemMang/heap_4.c.obj
LOAD cmake/stm32cubemx/CMakeFiles/FreeRTOS.dir/__/__/Middlewares/Third_Party/FreeRTOS/Source/portable/GCC/ARM_CM4F/port.c.obj
LOAD cmake/stm32cubemx/CMakeFiles/FatFs.dir/__/__/Middlewares/Third_Party/FatFs/src/diskio.c.obj
LOAD cmake/stm32cubemx/CMakeFiles/FatFs.dir/__/__/Middlewares/Third_Party/FatFs/src/ff.c.obj
LOAD cmake/stm32cubemx/CMakeFiles/FatFs.dir/__/__/Middlewares/Third_Party/FatFs/src/ff_gen_drv.c.obj
LOAD cmake/stm32cubemx/CMakeFiles/FatFs.dir/__/__/Middlewares/Third_Party/FatFs/src/option/syscall.c.obj
LOAD cmake/stm32cubemx/CMakeFiles/FatFs.dir/__/__/Middlewares/Third_Party/FatFs/src/option/cc936.c.obj
LOAD CMakeFiles/Smart_Car_Template.dir/FATFS/App/fatfs.c.obj
LOAD CMakeFiles/Smart_Car_Template.dir/FATFS/Target/user_diskio.c.obj
LOAD CMakeFiles/Smart_Car_Template.dir/Core/Src/main.c.obj
LOAD CMakeFiles/Smart_Car_Template.dir/Core/Src/gpio.c.obj
LOAD CMakeFiles/Smart_Car_Template.dir/Core/Src/freertos.c.obj
LOAD CMakeFiles/Smart_Car_Template.dir/Core/Src/adc.c.obj
LOAD CMakeFiles/Smart_Car_Template.dir/Core/Src/dma.c.obj
LOAD CMakeFiles/Smart_Car_Template.dir/Core/Src/spi.c.obj
LOAD CMakeFiles/Smart_Car_Template.dir/Core/Src/tim.c.obj
LOAD CMakeFiles/Smart_Car_Template.dir/Core/Src/usart.c.obj
LOAD CMakeFiles/Smart_Car_Template.dir/Core/Src/stm32f4xx_it.c.obj
LOAD CMakeFiles/Smart_Car_Template.dir/Core/Src/stm32f4xx_hal_msp.c.obj
LOAD CMakeFiles/Smart_Car_Template.dir/Core/Src/stm32f4xx_hal_timebase_tim.c.obj
LOAD CMakeFiles/Smart_Car_Template.dir/Core/Src/sysmem.c.obj
LOAD CMakeFiles/Smart_Car_Template.dir/Core/Src/syscalls.c.obj
LOAD CMakeFiles/Smart_Car_Template.dir/startup_stm32f411xe.s.obj
START GROUP
LOAD D:/ARMGNU~1/14EFD8~1.2RE/bin/../lib/gcc/arm-none-eabi/14.2.1/thumb/v7e-m+fp/hard\libgcc.a
LOAD D:/ARMGNU~1/14EFD8~1.2RE/bin/../lib/gcc/arm-none-eabi/14.2.1/thumb/v7e-m+fp/hard\libg_nano.a
LOAD D:/ARMGNU~1/14EFD8~1.2RE/bin/../lib/gcc/arm-none-eabi/14.2.1/thumb/v7e-m+fp/hard\libc_nano.a
END GROUP
START GROUP
LOAD D:/ARMGNU~1/14EFD8~1.2RE/bin/../lib/gcc/arm-none-eabi/14.2.1/thumb/v7e-m+fp/hard\libgcc.a
LOAD D:/ARMGNU~1/14EFD8~1.2RE/bin/../lib/gcc/arm-none-eabi/14.2.1/thumb/v7e-m+fp/hard\libc_nano.a
END GROUP
LOAD D:/ARMGNU~1/14EFD8~1.2RE/bin/../lib/gcc/arm-none-eabi/14.2.1/thumb/v7e-m+fp/hard/crtend.o
LOAD D:/ARMGNU~1/14EFD8~1.2RE/bin/../lib/gcc/arm-none-eabi/14.2.1/thumb/v7e-m+fp/hard/crtn.o
                0x20020000                        _estack = (ORIGIN (RAM) + LENGTH (RAM))
                0x00001000                        _Min_Heap_Size = 0x1000
                0x00000400                        _Min_Stack_Size = 0x400

.isr_vector     0x08000000      0x198
                0x08000000                        . = ALIGN (0x4)
 *(.isr_vector)
 .isr_vector    0x08000000      0x198 CMakeFiles/Smart_Car_Template.dir/startup_stm32f411xe.s.obj
                0x08000000                g_pfnVectors
                0x08000198                        . = ALIGN (0x4)

.text           0x080001a0     0x8010
                0x080001a0                        . = ALIGN (0x4)
 *(.text)
 .text          0x080001a0       0x30 D:/ARMGNU~1/14EFD8~1.2RE/bin/../lib/gcc/arm-none-eabi/14.2.1/thumb/v7e-m+fp/hard\libgcc.a(_aeabi_uldivmod.o)
                0x080001a0                __aeabi_uldivmod
 .text          0x080001d0        0x4 D:/ARMGNU~1/14EFD8~1.2RE/bin/../lib/gcc/arm-none-eabi/14.2.1/thumb/v7e-m+fp/hard\libgcc.a(_dvmd_tls.o)
                0x080001d0                __aeabi_idiv0
                0x080001d0                __aeabi_ldiv0
 *(.text*)
 .text.deregister_tm_clones
                0x080001d4       0x1c D:/ARMGNU~1/14EFD8~1.2RE/bin/../lib/gcc/arm-none-eabi/14.2.1/thumb/v7e-m+fp/hard/crtbegin.o
 .text.register_tm_clones
                0x080001f0       0x24 D:/ARMGNU~1/14EFD8~1.2RE/bin/../lib/gcc/arm-none-eabi/14.2.1/thumb/v7e-m+fp/hard/crtbegin.o
 .text.__do_global_dtors_aux
                0x08000214       0x28 D:/ARMGNU~1/14EFD8~1.2RE/bin/../lib/gcc/arm-none-eabi/14.2.1/thumb/v7e-m+fp/hard/crtbegin.o
 .text.frame_dummy
                0x0800023c       0x24 D:/ARMGNU~1/14EFD8~1.2RE/bin/../lib/gcc/arm-none-eabi/14.2.1/thumb/v7e-m+fp/hard/crtbegin.o
 .text.memset   0x08000260       0x10 D:/ARMGNU~1/14EFD8~1.2RE/bin/../lib/gcc/arm-none-eabi/14.2.1/thumb/v7e-m+fp/hard\libc_nano.a(libc_a-memset.o)
                0x08000260                memset
 .text.__libc_init_array
                0x08000270       0x48 D:/ARMGNU~1/14EFD8~1.2RE/bin/../lib/gcc/arm-none-eabi/14.2.1/thumb/v7e-m+fp/hard\libc_nano.a(libc_a-init.o)
                0x08000270                __libc_init_array
 .text.SystemInit
                0x080002b8       0x24 cmake/stm32cubemx/CMakeFiles/STM32_Drivers.dir/__/__/Core/Src/system_stm32f4xx.c.obj
                0x080002b8                SystemInit
 .text.HAL_TIM_Base_Init
                0x080002dc       0x9e cmake/stm32cubemx/CMakeFiles/STM32_Drivers.dir/__/__/Drivers/STM32F4xx_HAL_Driver/Src/stm32f4xx_hal_tim.c.obj
                0x080002dc                HAL_TIM_Base_Init
 *fill*         0x0800037a        0x2 
 .text.HAL_TIM_Base_Start_IT
                0x0800037c       0xc4 cmake/stm32cubemx/CMakeFiles/STM32_Drivers.dir/__/__/Drivers/STM32F4xx_HAL_Driver/Src/stm32f4xx_hal_tim.c.obj
                0x0800037c                HAL_TIM_Base_Start_IT
 .text.HAL_TIM_PWM_Init
                0x08000440       0x9e cmake/stm32cubemx/CMakeFiles/STM32_Drivers.dir/__/__/Drivers/STM32F4xx_HAL_Driver/Src/stm32f4xx_hal_tim.c.obj
                0x08000440                HAL_TIM_PWM_Init
 .text.HAL_TIM_PWM_MspInit
                0x080004de       0x14 cmake/stm32cubemx/CMakeFiles/STM32_Drivers.dir/__/__/Drivers/STM32F4xx_HAL_Driver/Src/stm32f4xx_hal_tim.c.obj
                0x080004de                HAL_TIM_PWM_MspInit
 .text.HAL_TIM_IRQHandler
                0x080004f2      0x1e0 cmake/stm32cubemx/CMakeFiles/STM32_Drivers.dir/__/__/Drivers/STM32F4xx_HAL_Driver/Src/stm32f4xx_hal_tim.c.obj
                0x080004f2                HAL_TIM_IRQHandler
 *fill*         0x080006d2        0x2 
 .text.HAL_TIM_PWM_ConfigChannel
                0x080006d4      0x184 cmake/stm32cubemx/CMakeFiles/STM32_Drivers.dir/__/__/Drivers/STM32F4xx_HAL_Driver/Src/stm32f4xx_hal_tim.c.obj
                0x080006d4                HAL_TIM_PWM_ConfigChannel
 .text.HAL_TIM_ConfigClockSource
                0x08000858      0x18e cmake/stm32cubemx/CMakeFiles/STM32_Drivers.dir/__/__/Drivers/STM32F4xx_HAL_Driver/Src/stm32f4xx_hal_tim.c.obj
                0x08000858                HAL_TIM_ConfigClockSource
 .text.HAL_TIM_SlaveConfigSynchro
                0x080009e6       0x84 cmake/stm32cubemx/CMakeFiles/STM32_Drivers.dir/__/__/Drivers/STM32F4xx_HAL_Driver/Src/stm32f4xx_hal_tim.c.obj
                0x080009e6                HAL_TIM_SlaveConfigSynchro
 .text.HAL_TIM_OC_DelayElapsedCallback
                0x08000a6a       0x14 cmake/stm32cubemx/CMakeFiles/STM32_Drivers.dir/__/__/Drivers/STM32F4xx_HAL_Driver/Src/stm32f4xx_hal_tim.c.obj
                0x08000a6a                HAL_TIM_OC_DelayElapsedCallback
 .text.HAL_TIM_IC_CaptureCallback
                0x08000a7e       0x14 cmake/stm32cubemx/CMakeFiles/STM32_Drivers.dir/__/__/Drivers/STM32F4xx_HAL_Driver/Src/stm32f4xx_hal_tim.c.obj
                0x08000a7e                HAL_TIM_IC_CaptureCallback
 .text.HAL_TIM_PWM_PulseFinishedCallback
                0x08000a92       0x14 cmake/stm32cubemx/CMakeFiles/STM32_Drivers.dir/__/__/Drivers/STM32F4xx_HAL_Driver/Src/stm32f4xx_hal_tim.c.obj
                0x08000a92                HAL_TIM_PWM_PulseFinishedCallback
 .text.HAL_TIM_TriggerCallback
                0x08000aa6       0x14 cmake/stm32cubemx/CMakeFiles/STM32_Drivers.dir/__/__/Drivers/STM32F4xx_HAL_Driver/Src/stm32f4xx_hal_tim.c.obj
                0x08000aa6                HAL_TIM_TriggerCallback
 *fill*         0x08000aba        0x2 
 .text.TIM_Base_SetConfig
                0x08000abc      0x118 cmake/stm32cubemx/CMakeFiles/STM32_Drivers.dir/__/__/Drivers/STM32F4xx_HAL_Driver/Src/stm32f4xx_hal_tim.c.obj
                0x08000abc                TIM_Base_SetConfig
 .text.TIM_OC1_SetConfig
                0x08000bd4       0xcc cmake/stm32cubemx/CMakeFiles/STM32_Drivers.dir/__/__/Drivers/STM32F4xx_HAL_Driver/Src/stm32f4xx_hal_tim.c.obj
 .text.TIM_OC2_SetConfig
                0x08000ca0       0xd8 cmake/stm32cubemx/CMakeFiles/STM32_Drivers.dir/__/__/Drivers/STM32F4xx_HAL_Driver/Src/stm32f4xx_hal_tim.c.obj
                0x08000ca0                TIM_OC2_SetConfig
 .text.TIM_OC3_SetConfig
                0x08000d78       0xd4 cmake/stm32cubemx/CMakeFiles/STM32_Drivers.dir/__/__/Drivers/STM32F4xx_HAL_Driver/Src/stm32f4xx_hal_tim.c.obj
 .text.TIM_OC4_SetConfig
                0x08000e4c       0xa0 cmake/stm32cubemx/CMakeFiles/STM32_Drivers.dir/__/__/Drivers/STM32F4xx_HAL_Driver/Src/stm32f4xx_hal_tim.c.obj
 .text.TIM_SlaveTimer_SetConfig
                0x08000eec      0x122 cmake/stm32cubemx/CMakeFiles/STM32_Drivers.dir/__/__/Drivers/STM32F4xx_HAL_Driver/Src/stm32f4xx_hal_tim.c.obj
 .text.TIM_TI1_ConfigInputStage
                0x0800100e       0x5e cmake/stm32cubemx/CMakeFiles/STM32_Drivers.dir/__/__/Drivers/STM32F4xx_HAL_Driver/Src/stm32f4xx_hal_tim.c.obj
 .text.TIM_TI2_ConfigInputStage
                0x0800106c       0x60 cmake/stm32cubemx/CMakeFiles/STM32_Drivers.dir/__/__/Drivers/STM32F4xx_HAL_Driver/Src/stm32f4xx_hal_tim.c.obj
 .text.TIM_ITRx_SetConfig
                0x080010cc       0x36 cmake/stm32cubemx/CMakeFiles/STM32_Drivers.dir/__/__/Drivers/STM32F4xx_HAL_Driver/Src/stm32f4xx_hal_tim.c.obj
 .text.TIM_ETR_SetConfig
                0x08001102       0x40 cmake/stm32cubemx/CMakeFiles/STM32_Drivers.dir/__/__/Drivers/STM32F4xx_HAL_Driver/Src/stm32f4xx_hal_tim.c.obj
                0x08001102                TIM_ETR_SetConfig
 *fill*         0x08001142        0x2 
 .text.HAL_TIMEx_MasterConfigSynchronization
                0x08001144       0xdc cmake/stm32cubemx/CMakeFiles/STM32_Drivers.dir/__/__/Drivers/STM32F4xx_HAL_Driver/Src/stm32f4xx_hal_tim_ex.c.obj
                0x08001144                HAL_TIMEx_MasterConfigSynchronization
 .text.HAL_TIMEx_ConfigBreakDeadTime
                0x08001220       0xa4 cmake/stm32cubemx/CMakeFiles/STM32_Drivers.dir/__/__/Drivers/STM32F4xx_HAL_Driver/Src/stm32f4xx_hal_tim_ex.c.obj
                0x08001220                HAL_TIMEx_ConfigBreakDeadTime
 .text.HAL_TIMEx_CommutCallback
                0x080012c4       0x14 cmake/stm32cubemx/CMakeFiles/STM32_Drivers.dir/__/__/Drivers/STM32F4xx_HAL_Driver/Src/stm32f4xx_hal_tim_ex.c.obj
                0x080012c4                HAL_TIMEx_CommutCallback
 .text.HAL_TIMEx_BreakCallback
                0x080012d8       0x14 cmake/stm32cubemx/CMakeFiles/STM32_Drivers.dir/__/__/Drivers/STM32F4xx_HAL_Driver/Src/stm32f4xx_hal_tim_ex.c.obj
                0x080012d8                HAL_TIMEx_BreakCallback
 .text.HAL_ADC_Init
                0x080012ec       0x86 cmake/stm32cubemx/CMakeFiles/STM32_Drivers.dir/__/__/Drivers/STM32F4xx_HAL_Driver/Src/stm32f4xx_hal_adc.c.obj
                0x080012ec                HAL_ADC_Init
 *fill*         0x08001372        0x2 
 .text.HAL_ADC_ConfigChannel
                0x08001374      0x264 cmake/stm32cubemx/CMakeFiles/STM32_Drivers.dir/__/__/Drivers/STM32F4xx_HAL_Driver/Src/stm32f4xx_hal_adc.c.obj
                0x08001374                HAL_ADC_ConfigChannel
 .text.ADC_Init
                0x080015d8      0x1f8 cmake/stm32cubemx/CMakeFiles/STM32_Drivers.dir/__/__/Drivers/STM32F4xx_HAL_Driver/Src/stm32f4xx_hal_adc.c.obj
 .text.HAL_RCC_OscConfig
                0x080017d0      0x4f0 cmake/stm32cubemx/CMakeFiles/STM32_Drivers.dir/__/__/Drivers/STM32F4xx_HAL_Driver/Src/stm32f4xx_hal_rcc.c.obj
                0x080017d0                HAL_RCC_OscConfig
 .text.HAL_RCC_ClockConfig
                0x08001cc0      0x1cc cmake/stm32cubemx/CMakeFiles/STM32_Drivers.dir/__/__/Drivers/STM32F4xx_HAL_Driver/Src/stm32f4xx_hal_rcc.c.obj
                0x08001cc0                HAL_RCC_ClockConfig
 .text.HAL_RCC_GetSysClockFreq
                0x08001e8c      0x20c cmake/stm32cubemx/CMakeFiles/STM32_Drivers.dir/__/__/Drivers/STM32F4xx_HAL_Driver/Src/stm32f4xx_hal_rcc.c.obj
                0x08001e8c                HAL_RCC_GetSysClockFreq
 .text.HAL_RCC_GetHCLKFreq
                0x08002098       0x18 cmake/stm32cubemx/CMakeFiles/STM32_Drivers.dir/__/__/Drivers/STM32F4xx_HAL_Driver/Src/stm32f4xx_hal_rcc.c.obj
                0x08002098                HAL_RCC_GetHCLKFreq
 .text.HAL_RCC_GetPCLK1Freq
                0x080020b0       0x28 cmake/stm32cubemx/CMakeFiles/STM32_Drivers.dir/__/__/Drivers/STM32F4xx_HAL_Driver/Src/stm32f4xx_hal_rcc.c.obj
                0x080020b0                HAL_RCC_GetPCLK1Freq
 .text.HAL_RCC_GetPCLK2Freq
                0x080020d8       0x28 cmake/stm32cubemx/CMakeFiles/STM32_Drivers.dir/__/__/Drivers/STM32F4xx_HAL_Driver/Src/stm32f4xx_hal_rcc.c.obj
                0x080020d8                HAL_RCC_GetPCLK2Freq
 .text.HAL_RCC_GetClockConfig
                0x08002100       0x64 cmake/stm32cubemx/CMakeFiles/STM32_Drivers.dir/__/__/Drivers/STM32F4xx_HAL_Driver/Src/stm32f4xx_hal_rcc.c.obj
                0x08002100                HAL_RCC_GetClockConfig
 .text.HAL_GPIO_Init
                0x08002164      0x308 cmake/stm32cubemx/CMakeFiles/STM32_Drivers.dir/__/__/Drivers/STM32F4xx_HAL_Driver/Src/stm32f4xx_hal_gpio.c.obj
                0x08002164                HAL_GPIO_Init
 .text.HAL_GPIO_WritePin
                0x0800246c       0x32 cmake/stm32cubemx/CMakeFiles/STM32_Drivers.dir/__/__/Drivers/STM32F4xx_HAL_Driver/Src/stm32f4xx_hal_gpio.c.obj
                0x0800246c                HAL_GPIO_WritePin
 *fill*         0x0800249e        0x2 
 .text.HAL_GPIO_EXTI_IRQHandler
                0x080024a0       0x30 cmake/stm32cubemx/CMakeFiles/STM32_Drivers.dir/__/__/Drivers/STM32F4xx_HAL_Driver/Src/stm32f4xx_hal_gpio.c.obj
                0x080024a0                HAL_GPIO_EXTI_IRQHandler
 .text.HAL_GPIO_EXTI_Callback
                0x080024d0       0x16 cmake/stm32cubemx/CMakeFiles/STM32_Drivers.dir/__/__/Drivers/STM32F4xx_HAL_Driver/Src/stm32f4xx_hal_gpio.c.obj
                0x080024d0                HAL_GPIO_EXTI_Callback
 *fill*         0x080024e6        0x2 
 .text.HAL_DMA_Init
                0x080024e8      0x15c cmake/stm32cubemx/CMakeFiles/STM32_Drivers.dir/__/__/Drivers/STM32F4xx_HAL_Driver/Src/stm32f4xx_hal_dma.c.obj
                0x080024e8                HAL_DMA_Init
 .text.HAL_DMA_Abort
                0x08002644       0xe0 cmake/stm32cubemx/CMakeFiles/STM32_Drivers.dir/__/__/Drivers/STM32F4xx_HAL_Driver/Src/stm32f4xx_hal_dma.c.obj
                0x08002644                HAL_DMA_Abort
 .text.HAL_DMA_Abort_IT
                0x08002724       0x44 cmake/stm32cubemx/CMakeFiles/STM32_Drivers.dir/__/__/Drivers/STM32F4xx_HAL_Driver/Src/stm32f4xx_hal_dma.c.obj
                0x08002724                HAL_DMA_Abort_IT
 .text.HAL_DMA_IRQHandler
                0x08002768      0x314 cmake/stm32cubemx/CMakeFiles/STM32_Drivers.dir/__/__/Drivers/STM32F4xx_HAL_Driver/Src/stm32f4xx_hal_dma.c.obj
                0x08002768                HAL_DMA_IRQHandler
 .text.DMA_CalcBaseAndBitshift
                0x08002a7c       0x6c cmake/stm32cubemx/CMakeFiles/STM32_Drivers.dir/__/__/Drivers/STM32F4xx_HAL_Driver/Src/stm32f4xx_hal_dma.c.obj
 .text.DMA_CheckFifoParam
                0x08002ae8       0xf8 cmake/stm32cubemx/CMakeFiles/STM32_Drivers.dir/__/__/Drivers/STM32F4xx_HAL_Driver/Src/stm32f4xx_hal_dma.c.obj
 .text.__NVIC_SetPriorityGrouping
                0x08002be0       0x48 cmake/stm32cubemx/CMakeFiles/STM32_Drivers.dir/__/__/Drivers/STM32F4xx_HAL_Driver/Src/stm32f4xx_hal_cortex.c.obj
 .text.__NVIC_GetPriorityGrouping
                0x08002c28       0x1c cmake/stm32cubemx/CMakeFiles/STM32_Drivers.dir/__/__/Drivers/STM32F4xx_HAL_Driver/Src/stm32f4xx_hal_cortex.c.obj
 .text.__NVIC_EnableIRQ
                0x08002c44       0x3c cmake/stm32cubemx/CMakeFiles/STM32_Drivers.dir/__/__/Drivers/STM32F4xx_HAL_Driver/Src/stm32f4xx_hal_cortex.c.obj
 .text.__NVIC_SetPriority
                0x08002c80       0x54 cmake/stm32cubemx/CMakeFiles/STM32_Drivers.dir/__/__/Drivers/STM32F4xx_HAL_Driver/Src/stm32f4xx_hal_cortex.c.obj
 .text.NVIC_EncodePriority
                0x08002cd4       0x66 cmake/stm32cubemx/CMakeFiles/STM32_Drivers.dir/__/__/Drivers/STM32F4xx_HAL_Driver/Src/stm32f4xx_hal_cortex.c.obj
 .text.HAL_NVIC_SetPriorityGrouping
                0x08002d3a       0x16 cmake/stm32cubemx/CMakeFiles/STM32_Drivers.dir/__/__/Drivers/STM32F4xx_HAL_Driver/Src/stm32f4xx_hal_cortex.c.obj
                0x08002d3a                HAL_NVIC_SetPriorityGrouping
 .text.HAL_NVIC_SetPriority
                0x08002d50       0x38 cmake/stm32cubemx/CMakeFiles/STM32_Drivers.dir/__/__/Drivers/STM32F4xx_HAL_Driver/Src/stm32f4xx_hal_cortex.c.obj
                0x08002d50                HAL_NVIC_SetPriority
 .text.HAL_NVIC_EnableIRQ
                0x08002d88       0x1c cmake/stm32cubemx/CMakeFiles/STM32_Drivers.dir/__/__/Drivers/STM32F4xx_HAL_Driver/Src/stm32f4xx_hal_cortex.c.obj
                0x08002d88                HAL_NVIC_EnableIRQ
 .text.HAL_Init
                0x08002da4       0x44 cmake/stm32cubemx/CMakeFiles/STM32_Drivers.dir/__/__/Drivers/STM32F4xx_HAL_Driver/Src/stm32f4xx_hal.c.obj
                0x08002da4                HAL_Init
 .text.HAL_IncTick
                0x08002de8       0x28 cmake/stm32cubemx/CMakeFiles/STM32_Drivers.dir/__/__/Drivers/STM32F4xx_HAL_Driver/Src/stm32f4xx_hal.c.obj
                0x08002de8                HAL_IncTick
 .text.HAL_GetTick
                0x08002e10       0x18 cmake/stm32cubemx/CMakeFiles/STM32_Drivers.dir/__/__/Drivers/STM32F4xx_HAL_Driver/Src/stm32f4xx_hal.c.obj
                0x08002e10                HAL_GetTick
 .text.HAL_SPI_Init
                0x08002e28      0x112 cmake/stm32cubemx/CMakeFiles/STM32_Drivers.dir/__/__/Drivers/STM32F4xx_HAL_Driver/Src/stm32f4xx_hal_spi.c.obj
                0x08002e28                HAL_SPI_Init
 .text.HAL_UART_Init
                0x08002f3a       0xa0 cmake/stm32cubemx/CMakeFiles/STM32_Drivers.dir/__/__/Drivers/STM32F4xx_HAL_Driver/Src/stm32f4xx_hal_uart.c.obj
                0x08002f3a                HAL_UART_Init
 .text.HAL_UART_Transmit
                0x08002fda      0x116 cmake/stm32cubemx/CMakeFiles/STM32_Drivers.dir/__/__/Drivers/STM32F4xx_HAL_Driver/Src/stm32f4xx_hal_uart.c.obj
                0x08002fda                HAL_UART_Transmit
 .text.HAL_UART_IRQHandler
                0x080030f0      0x524 cmake/stm32cubemx/CMakeFiles/STM32_Drivers.dir/__/__/Drivers/STM32F4xx_HAL_Driver/Src/stm32f4xx_hal_uart.c.obj
                0x080030f0                HAL_UART_IRQHandler
 .text.HAL_UART_TxCpltCallback
                0x08003614       0x14 cmake/stm32cubemx/CMakeFiles/STM32_Drivers.dir/__/__/Drivers/STM32F4xx_HAL_Driver/Src/stm32f4xx_hal_uart.c.obj
                0x08003614                HAL_UART_TxCpltCallback
 .text.HAL_UART_RxCpltCallback
                0x08003628       0x14 cmake/stm32cubemx/CMakeFiles/STM32_Drivers.dir/__/__/Drivers/STM32F4xx_HAL_Driver/Src/stm32f4xx_hal_uart.c.obj
                0x08003628                HAL_UART_RxCpltCallback
 .text.HAL_UART_ErrorCallback
                0x0800363c       0x14 cmake/stm32cubemx/CMakeFiles/STM32_Drivers.dir/__/__/Drivers/STM32F4xx_HAL_Driver/Src/stm32f4xx_hal_uart.c.obj
                0x0800363c                HAL_UART_ErrorCallback
 .text.HAL_UARTEx_RxEventCallback
                0x08003650       0x18 cmake/stm32cubemx/CMakeFiles/STM32_Drivers.dir/__/__/Drivers/STM32F4xx_HAL_Driver/Src/stm32f4xx_hal_uart.c.obj
                0x08003650                HAL_UARTEx_RxEventCallback
 .text.UART_WaitOnFlagUntilTimeout
                0x08003668       0xb2 cmake/stm32cubemx/CMakeFiles/STM32_Drivers.dir/__/__/Drivers/STM32F4xx_HAL_Driver/Src/stm32f4xx_hal_uart.c.obj
 .text.UART_EndRxTransfer
                0x0800371a       0xc6 cmake/stm32cubemx/CMakeFiles/STM32_Drivers.dir/__/__/Drivers/STM32F4xx_HAL_Driver/Src/stm32f4xx_hal_uart.c.obj
 .text.UART_DMAAbortOnError
                0x080037e0       0x28 cmake/stm32cubemx/CMakeFiles/STM32_Drivers.dir/__/__/Drivers/STM32F4xx_HAL_Driver/Src/stm32f4xx_hal_uart.c.obj
 .text.UART_Transmit_IT
                0x08003808       0xa0 cmake/stm32cubemx/CMakeFiles/STM32_Drivers.dir/__/__/Drivers/STM32F4xx_HAL_Driver/Src/stm32f4xx_hal_uart.c.obj
 .text.UART_EndTransmit_IT
                0x080038a8       0x30 cmake/stm32cubemx/CMakeFiles/STM32_Drivers.dir/__/__/Drivers/STM32F4xx_HAL_Driver/Src/stm32f4xx_hal_uart.c.obj
 .text.UART_Receive_IT
                0x080038d8      0x17c cmake/stm32cubemx/CMakeFiles/STM32_Drivers.dir/__/__/Drivers/STM32F4xx_HAL_Driver/Src/stm32f4xx_hal_uart.c.obj
 .text.UART_SetConfig
                0x08003a54      0x4e8 cmake/stm32cubemx/CMakeFiles/STM32_Drivers.dir/__/__/Drivers/STM32F4xx_HAL_Driver/Src/stm32f4xx_hal_uart.c.obj
 .text.vListInitialise
                0x08003f3c       0x40 cmake/stm32cubemx/CMakeFiles/FreeRTOS.dir/__/__/Middlewares/Third_Party/FreeRTOS/Source/list.c.obj
                0x08003f3c                vListInitialise
 .text.vListInitialiseItem
                0x08003f7c       0x1a cmake/stm32cubemx/CMakeFiles/FreeRTOS.dir/__/__/Middlewares/Third_Party/FreeRTOS/Source/list.c.obj
                0x08003f7c                vListInitialiseItem
 .text.vListInsertEnd
                0x08003f96       0x48 cmake/stm32cubemx/CMakeFiles/FreeRTOS.dir/__/__/Middlewares/Third_Party/FreeRTOS/Source/list.c.obj
                0x08003f96                vListInsertEnd
 .text.vListInsert
                0x08003fde       0x72 cmake/stm32cubemx/CMakeFiles/FreeRTOS.dir/__/__/Middlewares/Third_Party/FreeRTOS/Source/list.c.obj
                0x08003fde                vListInsert
 .text.uxListRemove
                0x08004050       0x54 cmake/stm32cubemx/CMakeFiles/FreeRTOS.dir/__/__/Middlewares/Third_Party/FreeRTOS/Source/list.c.obj
                0x08004050                uxListRemove
 .text.xQueueGenericReset
                0x080040a4       0xd4 cmake/stm32cubemx/CMakeFiles/FreeRTOS.dir/__/__/Middlewares/Third_Party/FreeRTOS/Source/queue.c.obj
                0x080040a4                xQueueGenericReset
 .text.xQueueGenericCreateStatic
                0x08004178       0xfa cmake/stm32cubemx/CMakeFiles/FreeRTOS.dir/__/__/Middlewares/Third_Party/FreeRTOS/Source/queue.c.obj
                0x08004178                xQueueGenericCreateStatic
 .text.prvInitialiseNewQueue
                0x08004272       0x46 cmake/stm32cubemx/CMakeFiles/FreeRTOS.dir/__/__/Middlewares/Third_Party/FreeRTOS/Source/queue.c.obj
 .text.xQueueGenericSend
                0x080042b8      0x204 cmake/stm32cubemx/CMakeFiles/FreeRTOS.dir/__/__/Middlewares/Third_Party/FreeRTOS/Source/queue.c.obj
                0x080042b8                xQueueGenericSend
 .text.xQueueGenericSendFromISR
                0x080044bc      0x13c cmake/stm32cubemx/CMakeFiles/FreeRTOS.dir/__/__/Middlewares/Third_Party/FreeRTOS/Source/queue.c.obj
                0x080044bc                xQueueGenericSendFromISR
 .text.xQueueReceive
                0x080045f8      0x1c4 cmake/stm32cubemx/CMakeFiles/FreeRTOS.dir/__/__/Middlewares/Third_Party/FreeRTOS/Source/queue.c.obj
                0x080045f8                xQueueReceive
 .text.prvCopyDataToQueue
                0x080047bc       0xd4 cmake/stm32cubemx/CMakeFiles/FreeRTOS.dir/__/__/Middlewares/Third_Party/FreeRTOS/Source/queue.c.obj
 .text.prvCopyDataFromQueue
                0x08004890       0x4c cmake/stm32cubemx/CMakeFiles/FreeRTOS.dir/__/__/Middlewares/Third_Party/FreeRTOS/Source/queue.c.obj
 .text.prvUnlockQueue
                0x080048dc       0xa4 cmake/stm32cubemx/CMakeFiles/FreeRTOS.dir/__/__/Middlewares/Third_Party/FreeRTOS/Source/queue.c.obj
 .text.prvIsQueueEmpty
                0x08004980       0x2c cmake/stm32cubemx/CMakeFiles/FreeRTOS.dir/__/__/Middlewares/Third_Party/FreeRTOS/Source/queue.c.obj
 .text.prvIsQueueFull
                0x080049ac       0x30 cmake/stm32cubemx/CMakeFiles/FreeRTOS.dir/__/__/Middlewares/Third_Party/FreeRTOS/Source/queue.c.obj
 .text.vQueueAddToRegistry
                0x080049dc       0x54 cmake/stm32cubemx/CMakeFiles/FreeRTOS.dir/__/__/Middlewares/Third_Party/FreeRTOS/Source/queue.c.obj
                0x080049dc                vQueueAddToRegistry
 .text.vQueueWaitForMessageRestricted
                0x08004a30       0x68 cmake/stm32cubemx/CMakeFiles/FreeRTOS.dir/__/__/Middlewares/Third_Party/FreeRTOS/Source/queue.c.obj
                0x08004a30                vQueueWaitForMessageRestricted
 .text.xTaskCreateStatic
                0x08004a98       0xc0 cmake/stm32cubemx/CMakeFiles/FreeRTOS.dir/__/__/Middlewares/Third_Party/FreeRTOS/Source/tasks.c.obj
                0x08004a98                xTaskCreateStatic
 .text.xTaskCreate
                0x08004b58       0x8a cmake/stm32cubemx/CMakeFiles/FreeRTOS.dir/__/__/Middlewares/Third_Party/FreeRTOS/Source/tasks.c.obj
                0x08004b58                xTaskCreate
 .text.prvInitialiseNewTask
                0x08004be2      0x120 cmake/stm32cubemx/CMakeFiles/FreeRTOS.dir/__/__/Middlewares/Third_Party/FreeRTOS/Source/tasks.c.obj
 *fill*         0x08004d02        0x2 
 .text.prvAddNewTaskToReadyList
                0x08004d04       0xe0 cmake/stm32cubemx/CMakeFiles/FreeRTOS.dir/__/__/Middlewares/Third_Party/FreeRTOS/Source/tasks.c.obj
 .text.vTaskDelay
                0x08004de4       0x6c cmake/stm32cubemx/CMakeFiles/FreeRTOS.dir/__/__/Middlewares/Third_Party/FreeRTOS/Source/tasks.c.obj
                0x08004de4                vTaskDelay
 .text.vTaskStartScheduler
                0x08004e50       0xd0 cmake/stm32cubemx/CMakeFiles/FreeRTOS.dir/__/__/Middlewares/Third_Party/FreeRTOS/Source/tasks.c.obj
                0x08004e50                vTaskStartScheduler
 .text.vTaskSuspendAll
                0x08004f20       0x1c cmake/stm32cubemx/CMakeFiles/FreeRTOS.dir/__/__/Middlewares/Third_Party/FreeRTOS/Source/tasks.c.obj
                0x08004f20                vTaskSuspendAll
 .text.xTaskResumeAll
                0x08004f3c      0x13c cmake/stm32cubemx/CMakeFiles/FreeRTOS.dir/__/__/Middlewares/Third_Party/FreeRTOS/Source/tasks.c.obj
                0x08004f3c                xTaskResumeAll
 .text.xTaskGetTickCount
                0x08005078       0x20 cmake/stm32cubemx/CMakeFiles/FreeRTOS.dir/__/__/Middlewares/Third_Party/FreeRTOS/Source/tasks.c.obj
                0x08005078                xTaskGetTickCount
 .text.xTaskIncrementTick
                0x08005098      0x174 cmake/stm32cubemx/CMakeFiles/FreeRTOS.dir/__/__/Middlewares/Third_Party/FreeRTOS/Source/tasks.c.obj
                0x08005098                xTaskIncrementTick
 .text.vTaskSwitchContext
                0x0800520c       0xbc cmake/stm32cubemx/CMakeFiles/FreeRTOS.dir/__/__/Middlewares/Third_Party/FreeRTOS/Source/tasks.c.obj
                0x0800520c                vTaskSwitchContext
 .text.vTaskPlaceOnEventList
                0x080052c8       0x4c cmake/stm32cubemx/CMakeFiles/FreeRTOS.dir/__/__/Middlewares/Third_Party/FreeRTOS/Source/tasks.c.obj
                0x080052c8                vTaskPlaceOnEventList
 .text.vTaskPlaceOnEventListRestricted
                0x08005314       0x58 cmake/stm32cubemx/CMakeFiles/FreeRTOS.dir/__/__/Middlewares/Third_Party/FreeRTOS/Source/tasks.c.obj
                0x08005314                vTaskPlaceOnEventListRestricted
 .text.xTaskRemoveFromEventList
                0x0800536c       0xc8 cmake/stm32cubemx/CMakeFiles/FreeRTOS.dir/__/__/Middlewares/Third_Party/FreeRTOS/Source/tasks.c.obj
                0x0800536c                xTaskRemoveFromEventList
 .text.vTaskInternalSetTimeOutState
                0x08005434       0x2c cmake/stm32cubemx/CMakeFiles/FreeRTOS.dir/__/__/Middlewares/Third_Party/FreeRTOS/Source/tasks.c.obj
                0x08005434                vTaskInternalSetTimeOutState
 .text.xTaskCheckForTimeOut
                0x08005460       0xc8 cmake/stm32cubemx/CMakeFiles/FreeRTOS.dir/__/__/Middlewares/Third_Party/FreeRTOS/Source/tasks.c.obj
                0x08005460                xTaskCheckForTimeOut
 .text.vTaskMissedYield
                0x08005528       0x18 cmake/stm32cubemx/CMakeFiles/FreeRTOS.dir/__/__/Middlewares/Third_Party/FreeRTOS/Source/tasks.c.obj
                0x08005528                vTaskMissedYield
 .text.prvIdleTask
                0x08005540       0x30 cmake/stm32cubemx/CMakeFiles/FreeRTOS.dir/__/__/Middlewares/Third_Party/FreeRTOS/Source/tasks.c.obj
 .text.prvInitialiseTaskLists
                0x08005570       0x80 cmake/stm32cubemx/CMakeFiles/FreeRTOS.dir/__/__/Middlewares/Third_Party/FreeRTOS/Source/tasks.c.obj
 .text.prvCheckTasksWaitingTermination
                0x080055f0       0x5c cmake/stm32cubemx/CMakeFiles/FreeRTOS.dir/__/__/Middlewares/Third_Party/FreeRTOS/Source/tasks.c.obj
 .text.prvDeleteTCB
                0x0800564c       0x60 cmake/stm32cubemx/CMakeFiles/FreeRTOS.dir/__/__/Middlewares/Third_Party/FreeRTOS/Source/tasks.c.obj
 .text.prvResetNextTaskUnblockTime
                0x080056ac       0x40 cmake/stm32cubemx/CMakeFiles/FreeRTOS.dir/__/__/Middlewares/Third_Party/FreeRTOS/Source/tasks.c.obj
 .text.xTaskGetSchedulerState
                0x080056ec       0x3c cmake/stm32cubemx/CMakeFiles/FreeRTOS.dir/__/__/Middlewares/Third_Party/FreeRTOS/Source/tasks.c.obj
                0x080056ec                xTaskGetSchedulerState
 .text.xTaskPriorityDisinherit
                0x08005728       0xe0 cmake/stm32cubemx/CMakeFiles/FreeRTOS.dir/__/__/Middlewares/Third_Party/FreeRTOS/Source/tasks.c.obj
                0x08005728                xTaskPriorityDisinherit
 .text.prvAddCurrentTaskToDelayedList
                0x08005808       0xa8 cmake/stm32cubemx/CMakeFiles/FreeRTOS.dir/__/__/Middlewares/Third_Party/FreeRTOS/Source/tasks.c.obj
 .text.xTimerCreateTimerTask
                0x080058b0       0x94 cmake/stm32cubemx/CMakeFiles/FreeRTOS.dir/__/__/Middlewares/Third_Party/FreeRTOS/Source/timers.c.obj
                0x080058b0                xTimerCreateTimerTask
 .text.xTimerGenericCommand
                0x08005944       0x9c cmake/stm32cubemx/CMakeFiles/FreeRTOS.dir/__/__/Middlewares/Third_Party/FreeRTOS/Source/timers.c.obj
                0x08005944                xTimerGenericCommand
 .text.prvProcessExpiredTimer
                0x080059e0       0x9c cmake/stm32cubemx/CMakeFiles/FreeRTOS.dir/__/__/Middlewares/Third_Party/FreeRTOS/Source/timers.c.obj
 .text.prvTimerTask
                0x08005a7c       0x26 cmake/stm32cubemx/CMakeFiles/FreeRTOS.dir/__/__/Middlewares/Third_Party/FreeRTOS/Source/timers.c.obj
 *fill*         0x08005aa2        0x2 
 .text.prvProcessTimerOrBlockTask
                0x08005aa4       0x9c cmake/stm32cubemx/CMakeFiles/FreeRTOS.dir/__/__/Middlewares/Third_Party/FreeRTOS/Source/timers.c.obj
 .text.prvGetNextExpireTime
                0x08005b40       0x48 cmake/stm32cubemx/CMakeFiles/FreeRTOS.dir/__/__/Middlewares/Third_Party/FreeRTOS/Source/timers.c.obj
 .text.prvSampleTimeNow
                0x08005b88       0x40 cmake/stm32cubemx/CMakeFiles/FreeRTOS.dir/__/__/Middlewares/Third_Party/FreeRTOS/Source/timers.c.obj
 .text.prvInsertTimerInActiveList
                0x08005bc8       0x84 cmake/stm32cubemx/CMakeFiles/FreeRTOS.dir/__/__/Middlewares/Third_Party/FreeRTOS/Source/timers.c.obj
 .text.prvProcessReceivedCommands
                0x08005c4c      0x1cc cmake/stm32cubemx/CMakeFiles/FreeRTOS.dir/__/__/Middlewares/Third_Party/FreeRTOS/Source/timers.c.obj
 .text.prvSwitchTimerLists
                0x08005e18       0xcc cmake/stm32cubemx/CMakeFiles/FreeRTOS.dir/__/__/Middlewares/Third_Party/FreeRTOS/Source/timers.c.obj
 .text.prvCheckForValidListAndQueue
                0x08005ee4       0x80 cmake/stm32cubemx/CMakeFiles/FreeRTOS.dir/__/__/Middlewares/Third_Party/FreeRTOS/Source/timers.c.obj
 .text.__NVIC_SetPriority
                0x08005f64       0x54 cmake/stm32cubemx/CMakeFiles/FreeRTOS.dir/__/__/Middlewares/Third_Party/FreeRTOS/Source/CMSIS_RTOS_V2/cmsis_os2.c.obj
 .text.SysTick_Handler
                0x08005fb8       0x20 cmake/stm32cubemx/CMakeFiles/FreeRTOS.dir/__/__/Middlewares/Third_Party/FreeRTOS/Source/CMSIS_RTOS_V2/cmsis_os2.c.obj
                0x08005fb8                SysTick_Handler
 .text.SVC_Setup
                0x08005fd8       0x12 cmake/stm32cubemx/CMakeFiles/FreeRTOS.dir/__/__/Middlewares/Third_Party/FreeRTOS/Source/CMSIS_RTOS_V2/cmsis_os2.c.obj
 *fill*         0x08005fea        0x2 
 .text.osKernelInitialize
                0x08005fec       0x48 cmake/stm32cubemx/CMakeFiles/FreeRTOS.dir/__/__/Middlewares/Third_Party/FreeRTOS/Source/CMSIS_RTOS_V2/cmsis_os2.c.obj
                0x08005fec                osKernelInitialize
 .text.osKernelStart
                0x08006034       0x4c cmake/stm32cubemx/CMakeFiles/FreeRTOS.dir/__/__/Middlewares/Third_Party/FreeRTOS/Source/CMSIS_RTOS_V2/cmsis_os2.c.obj
                0x08006034                osKernelStart
 .text.osThreadNew
                0x08006080      0x124 cmake/stm32cubemx/CMakeFiles/FreeRTOS.dir/__/__/Middlewares/Third_Party/FreeRTOS/Source/CMSIS_RTOS_V2/cmsis_os2.c.obj
                0x08006080                osThreadNew
 .text.osDelay  0x080061a4       0x36 cmake/stm32cubemx/CMakeFiles/FreeRTOS.dir/__/__/Middlewares/Third_Party/FreeRTOS/Source/CMSIS_RTOS_V2/cmsis_os2.c.obj
                0x080061a4                osDelay
 *fill*         0x080061da        0x2 
 .text.vApplicationGetIdleTaskMemory
                0x080061dc       0x34 cmake/stm32cubemx/CMakeFiles/FreeRTOS.dir/__/__/Middlewares/Third_Party/FreeRTOS/Source/CMSIS_RTOS_V2/cmsis_os2.c.obj
                0x080061dc                vApplicationGetIdleTaskMemory
 .text.vApplicationGetTimerTaskMemory
                0x08006210       0x34 cmake/stm32cubemx/CMakeFiles/FreeRTOS.dir/__/__/Middlewares/Third_Party/FreeRTOS/Source/CMSIS_RTOS_V2/cmsis_os2.c.obj
                0x08006210                vApplicationGetTimerTaskMemory
 .text.pvPortMalloc
                0x08006244      0x19c cmake/stm32cubemx/CMakeFiles/FreeRTOS.dir/__/__/Middlewares/Third_Party/FreeRTOS/Source/portable/MemMang/heap_4.c.obj
                0x08006244                pvPortMalloc
 .text.vPortFree
                0x080063e0       0xc8 cmake/stm32cubemx/CMakeFiles/FreeRTOS.dir/__/__/Middlewares/Third_Party/FreeRTOS/Source/portable/MemMang/heap_4.c.obj
                0x080063e0                vPortFree
 .text.prvHeapInit
                0x080064a8       0xc4 cmake/stm32cubemx/CMakeFiles/FreeRTOS.dir/__/__/Middlewares/Third_Party/FreeRTOS/Source/portable/MemMang/heap_4.c.obj
 .text.prvInsertBlockIntoFreeList
                0x0800656c       0xb4 cmake/stm32cubemx/CMakeFiles/FreeRTOS.dir/__/__/Middlewares/Third_Party/FreeRTOS/Source/portable/MemMang/heap_4.c.obj
 .text.pxPortInitialiseStack
                0x08006620       0x68 cmake/stm32cubemx/CMakeFiles/FreeRTOS.dir/__/__/Middlewares/Third_Party/FreeRTOS/Source/portable/GCC/ARM_CM4F/port.c.obj
                0x08006620                pxPortInitialiseStack
 .text.prvTaskExitError
                0x08006688       0x5c cmake/stm32cubemx/CMakeFiles/FreeRTOS.dir/__/__/Middlewares/Third_Party/FreeRTOS/Source/portable/GCC/ARM_CM4F/port.c.obj
 *fill*         0x080066e4        0xc 
 .text.SVC_Handler
                0x080066f0       0x28 cmake/stm32cubemx/CMakeFiles/FreeRTOS.dir/__/__/Middlewares/Third_Party/FreeRTOS/Source/portable/GCC/ARM_CM4F/port.c.obj
                0x080066f0                SVC_Handler
 .text.prvPortStartFirstTask
                0x08006718       0x28 cmake/stm32cubemx/CMakeFiles/FreeRTOS.dir/__/__/Middlewares/Third_Party/FreeRTOS/Source/portable/GCC/ARM_CM4F/port.c.obj
 .text.xPortStartScheduler
                0x08006740      0x148 cmake/stm32cubemx/CMakeFiles/FreeRTOS.dir/__/__/Middlewares/Third_Party/FreeRTOS/Source/portable/GCC/ARM_CM4F/port.c.obj
                0x08006740                xPortStartScheduler
 .text.vPortEnterCritical
                0x08006888       0x64 cmake/stm32cubemx/CMakeFiles/FreeRTOS.dir/__/__/Middlewares/Third_Party/FreeRTOS/Source/portable/GCC/ARM_CM4F/port.c.obj
                0x08006888                vPortEnterCritical
 .text.vPortExitCritical
                0x080068ec       0x54 cmake/stm32cubemx/CMakeFiles/FreeRTOS.dir/__/__/Middlewares/Third_Party/FreeRTOS/Source/portable/GCC/ARM_CM4F/port.c.obj
                0x080068ec                vPortExitCritical
 .text.PendSV_Handler
                0x08006940       0x68 cmake/stm32cubemx/CMakeFiles/FreeRTOS.dir/__/__/Middlewares/Third_Party/FreeRTOS/Source/portable/GCC/ARM_CM4F/port.c.obj
                0x08006940                PendSV_Handler
 .text.xPortSysTickHandler
                0x080069a8       0x44 cmake/stm32cubemx/CMakeFiles/FreeRTOS.dir/__/__/Middlewares/Third_Party/FreeRTOS/Source/portable/GCC/ARM_CM4F/port.c.obj
                0x080069a8                xPortSysTickHandler
 .text.vPortSetupTimerInterrupt
                0x080069ec       0x48 cmake/stm32cubemx/CMakeFiles/FreeRTOS.dir/__/__/Middlewares/Third_Party/FreeRTOS/Source/portable/GCC/ARM_CM4F/port.c.obj
                0x080069ec                vPortSetupTimerInterrupt
 .text.vPortEnableVFP
                0x08006a34       0x14 cmake/stm32cubemx/CMakeFiles/FreeRTOS.dir/__/__/Middlewares/Third_Party/FreeRTOS/Source/portable/GCC/ARM_CM4F/port.c.obj
 .text.vPortValidateInterruptPriority
                0x08006a48       0x84 cmake/stm32cubemx/CMakeFiles/FreeRTOS.dir/__/__/Middlewares/Third_Party/FreeRTOS/Source/portable/GCC/ARM_CM4F/port.c.obj
                0x08006a48                vPortValidateInterruptPriority
 .text.FATFS_LinkDriverEx
                0x08006acc       0x98 cmake/stm32cubemx/CMakeFiles/FatFs.dir/__/__/Middlewares/Third_Party/FatFs/src/ff_gen_drv.c.obj
                0x08006acc                FATFS_LinkDriverEx
 .text.FATFS_LinkDriver
                0x08006b64       0x1e cmake/stm32cubemx/CMakeFiles/FatFs.dir/__/__/Middlewares/Third_Party/FatFs/src/ff_gen_drv.c.obj
                0x08006b64                FATFS_LinkDriver
 *fill*         0x08006b82        0x2 
 .text.MX_FATFS_Init
                0x08006b84       0x24 CMakeFiles/Smart_Car_Template.dir/FATFS/App/fatfs.c.obj
                0x08006b84                MX_FATFS_Init
 .text.USER_initialize
                0x08006ba8       0x28 CMakeFiles/Smart_Car_Template.dir/FATFS/Target/user_diskio.c.obj
                0x08006ba8                USER_initialize
 .text.USER_status
                0x08006bd0       0x28 CMakeFiles/Smart_Car_Template.dir/FATFS/Target/user_diskio.c.obj
                0x08006bd0                USER_status
 .text.USER_read
                0x08006bf8       0x1e CMakeFiles/Smart_Car_Template.dir/FATFS/Target/user_diskio.c.obj
                0x08006bf8                USER_read
 .text.USER_write
                0x08006c16       0x1e CMakeFiles/Smart_Car_Template.dir/FATFS/Target/user_diskio.c.obj
                0x08006c16                USER_write
 .text.USER_ioctl
                0x08006c34       0x22 CMakeFiles/Smart_Car_Template.dir/FATFS/Target/user_diskio.c.obj
                0x08006c34                USER_ioctl
 .text.main     0x08006c56       0x52 CMakeFiles/Smart_Car_Template.dir/Core/Src/main.c.obj
                0x08006c56                main
 .text.SystemClock_Config
                0x08006ca8       0xd0 CMakeFiles/Smart_Car_Template.dir/Core/Src/main.c.obj
                0x08006ca8                SystemClock_Config
 .text.HAL_TIM_PeriodElapsedCallback
                0x08006d78       0x24 CMakeFiles/Smart_Car_Template.dir/Core/Src/main.c.obj
                0x08006d78                HAL_TIM_PeriodElapsedCallback
 .text.Error_Handler
                0x08006d9c        0xc CMakeFiles/Smart_Car_Template.dir/Core/Src/main.c.obj
                0x08006d9c                Error_Handler
 .text.MX_GPIO_Init
                0x08006da8      0x1b4 CMakeFiles/Smart_Car_Template.dir/Core/Src/gpio.c.obj
                0x08006da8                MX_GPIO_Init
 .text.MX_FREERTOS_Init
                0x08006f5c       0x24 CMakeFiles/Smart_Car_Template.dir/Core/Src/freertos.c.obj
                0x08006f5c                MX_FREERTOS_Init
 .text.StartDefaultTask
                0x08006f80       0x28 CMakeFiles/Smart_Car_Template.dir/Core/Src/freertos.c.obj
                0x08006f80                StartDefaultTask
 .text.MX_ADC1_Init
                0x08006fa8       0xa4 CMakeFiles/Smart_Car_Template.dir/Core/Src/adc.c.obj
                0x08006fa8                MX_ADC1_Init
 .text.HAL_ADC_MspInit
                0x0800704c       0x88 CMakeFiles/Smart_Car_Template.dir/Core/Src/adc.c.obj
                0x0800704c                HAL_ADC_MspInit
 .text.MX_DMA_Init
                0x080070d4       0x40 CMakeFiles/Smart_Car_Template.dir/Core/Src/dma.c.obj
                0x080070d4                MX_DMA_Init
 .text.MX_SPI1_Init
                0x08007114       0x6c CMakeFiles/Smart_Car_Template.dir/Core/Src/spi.c.obj
                0x08007114                MX_SPI1_Init
 .text.MX_SPI2_Init
                0x08007180       0x6c CMakeFiles/Smart_Car_Template.dir/Core/Src/spi.c.obj
                0x08007180                MX_SPI2_Init
 .text.HAL_SPI_MspInit
                0x080071ec      0x174 CMakeFiles/Smart_Car_Template.dir/Core/Src/spi.c.obj
                0x080071ec                HAL_SPI_MspInit
 .text.MX_TIM1_Init
                0x08007360      0x140 CMakeFiles/Smart_Car_Template.dir/Core/Src/tim.c.obj
                0x08007360                MX_TIM1_Init
 .text.MX_TIM2_Init
                0x080074a0       0xa4 CMakeFiles/Smart_Car_Template.dir/Core/Src/tim.c.obj
                0x080074a0                MX_TIM2_Init
 .text.MX_TIM3_Init
                0x08007544       0xa8 CMakeFiles/Smart_Car_Template.dir/Core/Src/tim.c.obj
                0x08007544                MX_TIM3_Init
 .text.MX_TIM4_Init
                0x080075ec      0x100 CMakeFiles/Smart_Car_Template.dir/Core/Src/tim.c.obj
                0x080075ec                MX_TIM4_Init
 .text.MX_TIM5_Init
                0x080076ec       0x98 CMakeFiles/Smart_Car_Template.dir/Core/Src/tim.c.obj
                0x080076ec                MX_TIM5_Init
 .text.HAL_TIM_Base_MspInit
                0x08007784      0x1f8 CMakeFiles/Smart_Car_Template.dir/Core/Src/tim.c.obj
                0x08007784                HAL_TIM_Base_MspInit
 .text.HAL_TIM_MspPostInit
                0x0800797c       0xc4 CMakeFiles/Smart_Car_Template.dir/Core/Src/tim.c.obj
                0x0800797c                HAL_TIM_MspPostInit
 .text.MX_USART1_UART_Init
                0x08007a40       0x54 CMakeFiles/Smart_Car_Template.dir/Core/Src/usart.c.obj
                0x08007a40                MX_USART1_UART_Init
 .text.MX_USART2_UART_Init
                0x08007a94       0x54 CMakeFiles/Smart_Car_Template.dir/Core/Src/usart.c.obj
                0x08007a94                MX_USART2_UART_Init
 .text.HAL_UART_MspInit
                0x08007ae8      0x118 CMakeFiles/Smart_Car_Template.dir/Core/Src/usart.c.obj
                0x08007ae8                HAL_UART_MspInit
 .text.NMI_Handler
                0x08007c00        0x8 CMakeFiles/Smart_Car_Template.dir/Core/Src/stm32f4xx_it.c.obj
                0x08007c00                NMI_Handler
 .text.HardFault_Handler
                0x08007c08        0x8 CMakeFiles/Smart_Car_Template.dir/Core/Src/stm32f4xx_it.c.obj
                0x08007c08                HardFault_Handler
 .text.MemManage_Handler
                0x08007c10        0x8 CMakeFiles/Smart_Car_Template.dir/Core/Src/stm32f4xx_it.c.obj
                0x08007c10                MemManage_Handler
 .text.BusFault_Handler
                0x08007c18        0x8 CMakeFiles/Smart_Car_Template.dir/Core/Src/stm32f4xx_it.c.obj
                0x08007c18                BusFault_Handler
 .text.UsageFault_Handler
                0x08007c20        0x8 CMakeFiles/Smart_Car_Template.dir/Core/Src/stm32f4xx_it.c.obj
                0x08007c20                UsageFault_Handler
 .text.DebugMon_Handler
                0x08007c28        0xe CMakeFiles/Smart_Car_Template.dir/Core/Src/stm32f4xx_it.c.obj
                0x08007c28                DebugMon_Handler
 *fill*         0x08007c36        0x2 
 .text.DMA1_Stream4_IRQHandler
                0x08007c38       0x14 CMakeFiles/Smart_Car_Template.dir/Core/Src/stm32f4xx_it.c.obj
                0x08007c38                DMA1_Stream4_IRQHandler
 .text.EXTI9_5_IRQHandler
                0x08007c4c       0x10 CMakeFiles/Smart_Car_Template.dir/Core/Src/stm32f4xx_it.c.obj
                0x08007c4c                EXTI9_5_IRQHandler
 .text.TIM1_UP_TIM10_IRQHandler
                0x08007c5c       0x1c CMakeFiles/Smart_Car_Template.dir/Core/Src/stm32f4xx_it.c.obj
                0x08007c5c                TIM1_UP_TIM10_IRQHandler
 .text.TIM1_TRG_COM_TIM11_IRQHandler
                0x08007c78       0x14 CMakeFiles/Smart_Car_Template.dir/Core/Src/stm32f4xx_it.c.obj
                0x08007c78                TIM1_TRG_COM_TIM11_IRQHandler
 .text.TIM2_IRQHandler
                0x08007c8c       0x14 CMakeFiles/Smart_Car_Template.dir/Core/Src/stm32f4xx_it.c.obj
                0x08007c8c                TIM2_IRQHandler
 .text.USART1_IRQHandler
                0x08007ca0       0x14 CMakeFiles/Smart_Car_Template.dir/Core/Src/stm32f4xx_it.c.obj
                0x08007ca0                USART1_IRQHandler
 .text.USART2_IRQHandler
                0x08007cb4       0x14 CMakeFiles/Smart_Car_Template.dir/Core/Src/stm32f4xx_it.c.obj
                0x08007cb4                USART2_IRQHandler
 .text.EXTI15_10_IRQHandler
                0x08007cc8       0x18 CMakeFiles/Smart_Car_Template.dir/Core/Src/stm32f4xx_it.c.obj
                0x08007cc8                EXTI15_10_IRQHandler
 .text.TIM5_IRQHandler
                0x08007ce0       0x14 CMakeFiles/Smart_Car_Template.dir/Core/Src/stm32f4xx_it.c.obj
                0x08007ce0                TIM5_IRQHandler
 .text.HAL_MspInit
                0x08007cf4       0x58 CMakeFiles/Smart_Car_Template.dir/Core/Src/stm32f4xx_hal_msp.c.obj
                0x08007cf4                HAL_MspInit
 .text.HAL_InitTick
                0x08007d4c       0xe4 CMakeFiles/Smart_Car_Template.dir/Core/Src/stm32f4xx_hal_timebase_tim.c.obj
                0x08007d4c                HAL_InitTick
 .text.Reset_Handler
                0x08007e30       0x50 CMakeFiles/Smart_Car_Template.dir/startup_stm32f411xe.s.obj
                0x08007e30                Reset_Handler
 .text.Default_Handler
                0x08007e80        0x2 CMakeFiles/Smart_Car_Template.dir/startup_stm32f411xe.s.obj
                0x08007e80                RTC_Alarm_IRQHandler
                0x08007e80                EXTI2_IRQHandler
                0x08007e80                SPI4_IRQHandler
                0x08007e80                TIM1_CC_IRQHandler
                0x08007e80                DMA2_Stream5_IRQHandler
                0x08007e80                DMA1_Stream5_IRQHandler
                0x08007e80                PVD_IRQHandler
                0x08007e80                SDIO_IRQHandler
                0x08007e80                TAMP_STAMP_IRQHandler
                0x08007e80                EXTI3_IRQHandler
                0x08007e80                I2C3_ER_IRQHandler
                0x08007e80                EXTI0_IRQHandler
                0x08007e80                I2C2_EV_IRQHandler
                0x08007e80                DMA1_Stream2_IRQHandler
                0x08007e80                FPU_IRQHandler
                0x08007e80                DMA2_Stream2_IRQHandler
                0x08007e80                SPI1_IRQHandler
                0x08007e80                TIM1_BRK_TIM9_IRQHandler
                0x08007e80                DMA2_Stream3_IRQHandler
                0x08007e80                USART6_IRQHandler
                0x08007e80                DMA2_Stream0_IRQHandler
                0x08007e80                TIM4_IRQHandler
                0x08007e80                I2C1_EV_IRQHandler
                0x08007e80                DMA1_Stream6_IRQHandler
                0x08007e80                DMA1_Stream1_IRQHandler
                0x08007e80                TIM3_IRQHandler
                0x08007e80                RCC_IRQHandler
                0x08007e80                Default_Handler
                0x08007e80                ADC_IRQHandler
                0x08007e80                DMA1_Stream7_IRQHandler
                0x08007e80                SPI5_IRQHandler
                0x08007e80                DMA2_Stream7_IRQHandler
                0x08007e80                I2C3_EV_IRQHandler
                0x08007e80                RTC_WKUP_IRQHandler
                0x08007e80                SPI2_IRQHandler
                0x08007e80                DMA1_Stream0_IRQHandler
                0x08007e80                EXTI4_IRQHandler
                0x08007e80                WWDG_IRQHandler
                0x08007e80                OTG_FS_WKUP_IRQHandler
                0x08007e80                EXTI1_IRQHandler
                0x08007e80                I2C2_ER_IRQHandler
                0x08007e80                DMA2_Stream1_IRQHandler
                0x08007e80                FLASH_IRQHandler
                0x08007e80                DMA2_Stream4_IRQHandler
                0x08007e80                OTG_FS_IRQHandler
                0x08007e80                SPI3_IRQHandler
                0x08007e80                I2C1_ER_IRQHandler
                0x08007e80                DMA2_Stream6_IRQHandler
                0x08007e80                DMA1_Stream3_IRQHandler
 *fill*         0x08007e82        0x2 
 .text.__udivmoddi4
                0x08007e84      0x2f8 D:/ARMGNU~1/14EFD8~1.2RE/bin/../lib/gcc/arm-none-eabi/14.2.1/thumb/v7e-m+fp/hard\libgcc.a(_udivmoddi4.o)
                0x08007e84                __udivmoddi4
 .text.memcpy   0x0800817c       0x1c D:/ARMGNU~1/14EFD8~1.2RE/bin/../lib/gcc/arm-none-eabi/14.2.1/thumb/v7e-m+fp/hard\libg_nano.a(libc_a-memcpy-stub.o)
                0x0800817c                memcpy
 *(.glue_7)
 .glue_7        0x08008198        0x0 linker stubs
 *(.glue_7t)
 .glue_7t       0x08008198        0x0 linker stubs
 *(.eh_frame)
 .eh_frame      0x08008198        0x0 D:/ARMGNU~1/14EFD8~1.2RE/bin/../lib/gcc/arm-none-eabi/14.2.1/thumb/v7e-m+fp/hard/crtbegin.o
 *(.init)
 .init          0x08008198        0x4 D:/ARMGNU~1/14EFD8~1.2RE/bin/../lib/gcc/arm-none-eabi/14.2.1/thumb/v7e-m+fp/hard/crti.o
                0x08008198                _init
 .init          0x0800819c        0x8 D:/ARMGNU~1/14EFD8~1.2RE/bin/../lib/gcc/arm-none-eabi/14.2.1/thumb/v7e-m+fp/hard/crtn.o
 *(.fini)
 .fini          0x080081a4        0x4 D:/ARMGNU~1/14EFD8~1.2RE/bin/../lib/gcc/arm-none-eabi/14.2.1/thumb/v7e-m+fp/hard/crti.o
                0x080081a4                _fini
 .fini          0x080081a8        0x8 D:/ARMGNU~1/14EFD8~1.2RE/bin/../lib/gcc/arm-none-eabi/14.2.1/thumb/v7e-m+fp/hard/crtn.o
                0x080081b0                        . = ALIGN (0x4)
                0x080081b0                        _etext = .

.vfp11_veneer   0x080081b0        0x0
 .vfp11_veneer  0x080081b0        0x0 linker stubs

.v4_bx          0x080081b0        0x0
 .v4_bx         0x080081b0        0x0 linker stubs

.iplt           0x080081b0        0x0
 .iplt          0x080081b0        0x0 D:/ARMGNU~1/14EFD8~1.2RE/bin/../lib/gcc/arm-none-eabi/14.2.1/thumb/v7e-m+fp/hard/crtbegin.o

.rodata         0x080081b0       0x74
                0x080081b0                        . = ALIGN (0x4)
 *(.rodata)
 .rodata        0x080081b0        0x5 cmake/stm32cubemx/CMakeFiles/FreeRTOS.dir/__/__/Middlewares/Third_Party/FreeRTOS/Source/tasks.c.obj
 *fill*         0x080081b5        0x3 
 .rodata        0x080081b8        0xd cmake/stm32cubemx/CMakeFiles/FreeRTOS.dir/__/__/Middlewares/Third_Party/FreeRTOS/Source/timers.c.obj
 *fill*         0x080081c5        0x3 
 .rodata        0x080081c8       0x17 CMakeFiles/Smart_Car_Template.dir/Core/Src/freertos.c.obj
 *(.rodata*)
 *fill*         0x080081df        0x1 
 .rodata.AHBPrescTable
                0x080081e0       0x10 cmake/stm32cubemx/CMakeFiles/STM32_Drivers.dir/__/__/Core/Src/system_stm32f4xx.c.obj
                0x080081e0                AHBPrescTable
 .rodata.APBPrescTable
                0x080081f0        0x8 cmake/stm32cubemx/CMakeFiles/STM32_Drivers.dir/__/__/Core/Src/system_stm32f4xx.c.obj
                0x080081f0                APBPrescTable
 .rodata.flagBitshiftOffset.0
                0x080081f8        0x8 cmake/stm32cubemx/CMakeFiles/STM32_Drivers.dir/__/__/Drivers/STM32F4xx_HAL_Driver/Src/stm32f4xx_hal_dma.c.obj
 .rodata.task_attributes
                0x08008200       0x24 CMakeFiles/Smart_Car_Template.dir/Core/Src/freertos.c.obj
                0x08008200                task_attributes
                0x08008224                        . = ALIGN (0x4)

.ARM.extab      0x08008224        0x0
                0x08008224                        . = ALIGN (0x4)
 *(.ARM.extab* .gnu.linkonce.armextab.*)
                0x08008224                        . = ALIGN (0x4)

.ARM            0x08008224        0x8
                0x08008224                        . = ALIGN (0x4)
                0x08008224                        __exidx_start = .
 *(.ARM.exidx*)
 .ARM.exidx.text.__udivmoddi4
                0x08008224        0x8 D:/ARMGNU~1/14EFD8~1.2RE/bin/../lib/gcc/arm-none-eabi/14.2.1/thumb/v7e-m+fp/hard\libgcc.a(_udivmoddi4.o)
                0x0800822c                        __exidx_end = .
                0x0800822c                        . = ALIGN (0x4)

.preinit_array  0x0800822c        0x0
                0x0800822c                        . = ALIGN (0x4)
                0x0800822c                        PROVIDE (__preinit_array_start = .)
 *(.preinit_array*)
                0x0800822c                        PROVIDE (__preinit_array_end = .)
                0x0800822c                        . = ALIGN (0x4)

.init_array     0x0800822c        0x4
                0x0800822c                        . = ALIGN (0x4)
                0x0800822c                        PROVIDE (__init_array_start = .)
 *(SORT_BY_NAME(.init_array.*))
 *(.init_array*)
 .init_array    0x0800822c        0x4 D:/ARMGNU~1/14EFD8~1.2RE/bin/../lib/gcc/arm-none-eabi/14.2.1/thumb/v7e-m+fp/hard/crtbegin.o
                0x08008230                        PROVIDE (__init_array_end = .)
                0x08008230                        . = ALIGN (0x4)

.fini_array     0x08008230        0x4
                0x08008230                        . = ALIGN (0x4)
                [!provide]                        PROVIDE (__fini_array_start = .)
 *(SORT_BY_NAME(.fini_array.*))
 *(.fini_array*)
 .fini_array    0x08008230        0x4 D:/ARMGNU~1/14EFD8~1.2RE/bin/../lib/gcc/arm-none-eabi/14.2.1/thumb/v7e-m+fp/hard/crtbegin.o
                [!provide]                        PROVIDE (__fini_array_end = .)
                0x08008234                        . = ALIGN (0x4)
                0x08008234                        _sidata = LOADADDR (.data)

.rel.dyn        0x08008234        0x0
 .rel.iplt      0x08008234        0x0 D:/ARMGNU~1/14EFD8~1.2RE/bin/../lib/gcc/arm-none-eabi/14.2.1/thumb/v7e-m+fp/hard/crtbegin.o

.data           0x20000000       0x28 load address 0x08008234
                0x20000000                        . = ALIGN (0x4)
                0x20000000                        _sdata = .
 *(.data)
 *(.data*)
 .data.SystemCoreClock
                0x20000000        0x4 cmake/stm32cubemx/CMakeFiles/STM32_Drivers.dir/__/__/Core/Src/system_stm32f4xx.c.obj
                0x20000000                SystemCoreClock
 .data.uwTickPrio
                0x20000004        0x4 cmake/stm32cubemx/CMakeFiles/STM32_Drivers.dir/__/__/Drivers/STM32F4xx_HAL_Driver/Src/stm32f4xx_hal.c.obj
                0x20000004                uwTickPrio
 .data.uwTickFreq
                0x20000008        0x1 cmake/stm32cubemx/CMakeFiles/STM32_Drivers.dir/__/__/Drivers/STM32F4xx_HAL_Driver/Src/stm32f4xx_hal.c.obj
                0x20000008                uwTickFreq
 *fill*         0x20000009        0x3 
 .data.uxCriticalNesting
                0x2000000c        0x4 cmake/stm32cubemx/CMakeFiles/FreeRTOS.dir/__/__/Middlewares/Third_Party/FreeRTOS/Source/portable/GCC/ARM_CM4F/port.c.obj
 .data.Stat     0x20000010        0x1 CMakeFiles/Smart_Car_Template.dir/FATFS/Target/user_diskio.c.obj
 *fill*         0x20000011        0x3 
 .data.USER_Driver
                0x20000014       0x14 CMakeFiles/Smart_Car_Template.dir/FATFS/Target/user_diskio.c.obj
                0x20000014                USER_Driver
 *(.RamFunc)
 *(.RamFunc*)
                0x20000028                        . = ALIGN (0x4)
                0x20000028                        _edata = .

.tm_clone_table
                0x20000028        0x0 load address 0x0800825c
 .tm_clone_table
                0x20000028        0x0 D:/ARMGNU~1/14EFD8~1.2RE/bin/../lib/gcc/arm-none-eabi/14.2.1/thumb/v7e-m+fp/hard/crtbegin.o
 .tm_clone_table
                0x20000028        0x0 D:/ARMGNU~1/14EFD8~1.2RE/bin/../lib/gcc/arm-none-eabi/14.2.1/thumb/v7e-m+fp/hard/crtend.o

.igot.plt       0x20000028        0x0 load address 0x0800825c
 .igot.plt      0x20000028        0x0 D:/ARMGNU~1/14EFD8~1.2RE/bin/../lib/gcc/arm-none-eabi/14.2.1/thumb/v7e-m+fp/hard/crtbegin.o
                0x20000028                        . = ALIGN (0x4)

.bss            0x20000028     0x4d20 load address 0x0800825c
                0x20000028                        _sbss = .
                0x20000028                        __bss_start__ = _sbss
 *(.bss)
 *(.bss*)
 .bss.completed.1
                0x20000028        0x1 D:/ARMGNU~1/14EFD8~1.2RE/bin/../lib/gcc/arm-none-eabi/14.2.1/thumb/v7e-m+fp/hard/crtbegin.o
 *fill*         0x20000029        0x3 
 .bss.object.0  0x2000002c       0x18 D:/ARMGNU~1/14EFD8~1.2RE/bin/../lib/gcc/arm-none-eabi/14.2.1/thumb/v7e-m+fp/hard/crtbegin.o
 .bss.uwTick    0x20000044        0x4 cmake/stm32cubemx/CMakeFiles/STM32_Drivers.dir/__/__/Drivers/STM32F4xx_HAL_Driver/Src/stm32f4xx_hal.c.obj
                0x20000044                uwTick
 .bss.xQueueRegistry
                0x20000048       0x40 cmake/stm32cubemx/CMakeFiles/FreeRTOS.dir/__/__/Middlewares/Third_Party/FreeRTOS/Source/queue.c.obj
                0x20000048                xQueueRegistry
 .bss.pxCurrentTCB
                0x20000088        0x4 cmake/stm32cubemx/CMakeFiles/FreeRTOS.dir/__/__/Middlewares/Third_Party/FreeRTOS/Source/tasks.c.obj
                0x20000088                pxCurrentTCB
 .bss.pxReadyTasksLists
                0x2000008c      0x460 cmake/stm32cubemx/CMakeFiles/FreeRTOS.dir/__/__/Middlewares/Third_Party/FreeRTOS/Source/tasks.c.obj
 .bss.xDelayedTaskList1
                0x200004ec       0x14 cmake/stm32cubemx/CMakeFiles/FreeRTOS.dir/__/__/Middlewares/Third_Party/FreeRTOS/Source/tasks.c.obj
 .bss.xDelayedTaskList2
                0x20000500       0x14 cmake/stm32cubemx/CMakeFiles/FreeRTOS.dir/__/__/Middlewares/Third_Party/FreeRTOS/Source/tasks.c.obj
 .bss.pxDelayedTaskList
                0x20000514        0x4 cmake/stm32cubemx/CMakeFiles/FreeRTOS.dir/__/__/Middlewares/Third_Party/FreeRTOS/Source/tasks.c.obj
 .bss.pxOverflowDelayedTaskList
                0x20000518        0x4 cmake/stm32cubemx/CMakeFiles/FreeRTOS.dir/__/__/Middlewares/Third_Party/FreeRTOS/Source/tasks.c.obj
 .bss.xPendingReadyList
                0x2000051c       0x14 cmake/stm32cubemx/CMakeFiles/FreeRTOS.dir/__/__/Middlewares/Third_Party/FreeRTOS/Source/tasks.c.obj
 .bss.xTasksWaitingTermination
                0x20000530       0x14 cmake/stm32cubemx/CMakeFiles/FreeRTOS.dir/__/__/Middlewares/Third_Party/FreeRTOS/Source/tasks.c.obj
 .bss.uxDeletedTasksWaitingCleanUp
                0x20000544        0x4 cmake/stm32cubemx/CMakeFiles/FreeRTOS.dir/__/__/Middlewares/Third_Party/FreeRTOS/Source/tasks.c.obj
 .bss.xSuspendedTaskList
                0x20000548       0x14 cmake/stm32cubemx/CMakeFiles/FreeRTOS.dir/__/__/Middlewares/Third_Party/FreeRTOS/Source/tasks.c.obj
 .bss.uxCurrentNumberOfTasks
                0x2000055c        0x4 cmake/stm32cubemx/CMakeFiles/FreeRTOS.dir/__/__/Middlewares/Third_Party/FreeRTOS/Source/tasks.c.obj
 .bss.xTickCount
                0x20000560        0x4 cmake/stm32cubemx/CMakeFiles/FreeRTOS.dir/__/__/Middlewares/Third_Party/FreeRTOS/Source/tasks.c.obj
 .bss.uxTopReadyPriority
                0x20000564        0x4 cmake/stm32cubemx/CMakeFiles/FreeRTOS.dir/__/__/Middlewares/Third_Party/FreeRTOS/Source/tasks.c.obj
 .bss.xSchedulerRunning
                0x20000568        0x4 cmake/stm32cubemx/CMakeFiles/FreeRTOS.dir/__/__/Middlewares/Third_Party/FreeRTOS/Source/tasks.c.obj
 .bss.xPendedTicks
                0x2000056c        0x4 cmake/stm32cubemx/CMakeFiles/FreeRTOS.dir/__/__/Middlewares/Third_Party/FreeRTOS/Source/tasks.c.obj
 .bss.xYieldPending
                0x20000570        0x4 cmake/stm32cubemx/CMakeFiles/FreeRTOS.dir/__/__/Middlewares/Third_Party/FreeRTOS/Source/tasks.c.obj
 .bss.xNumOfOverflows
                0x20000574        0x4 cmake/stm32cubemx/CMakeFiles/FreeRTOS.dir/__/__/Middlewares/Third_Party/FreeRTOS/Source/tasks.c.obj
 .bss.uxTaskNumber
                0x20000578        0x4 cmake/stm32cubemx/CMakeFiles/FreeRTOS.dir/__/__/Middlewares/Third_Party/FreeRTOS/Source/tasks.c.obj
 .bss.xNextTaskUnblockTime
                0x2000057c        0x4 cmake/stm32cubemx/CMakeFiles/FreeRTOS.dir/__/__/Middlewares/Third_Party/FreeRTOS/Source/tasks.c.obj
 .bss.xIdleTaskHandle
                0x20000580        0x4 cmake/stm32cubemx/CMakeFiles/FreeRTOS.dir/__/__/Middlewares/Third_Party/FreeRTOS/Source/tasks.c.obj
 .bss.uxSchedulerSuspended
                0x20000584        0x4 cmake/stm32cubemx/CMakeFiles/FreeRTOS.dir/__/__/Middlewares/Third_Party/FreeRTOS/Source/tasks.c.obj
 .bss.xActiveTimerList1
                0x20000588       0x14 cmake/stm32cubemx/CMakeFiles/FreeRTOS.dir/__/__/Middlewares/Third_Party/FreeRTOS/Source/timers.c.obj
 .bss.xActiveTimerList2
                0x2000059c       0x14 cmake/stm32cubemx/CMakeFiles/FreeRTOS.dir/__/__/Middlewares/Third_Party/FreeRTOS/Source/timers.c.obj
 .bss.pxCurrentTimerList
                0x200005b0        0x4 cmake/stm32cubemx/CMakeFiles/FreeRTOS.dir/__/__/Middlewares/Third_Party/FreeRTOS/Source/timers.c.obj
 .bss.pxOverflowTimerList
                0x200005b4        0x4 cmake/stm32cubemx/CMakeFiles/FreeRTOS.dir/__/__/Middlewares/Third_Party/FreeRTOS/Source/timers.c.obj
 .bss.xTimerQueue
                0x200005b8        0x4 cmake/stm32cubemx/CMakeFiles/FreeRTOS.dir/__/__/Middlewares/Third_Party/FreeRTOS/Source/timers.c.obj
 .bss.xTimerTaskHandle
                0x200005bc        0x4 cmake/stm32cubemx/CMakeFiles/FreeRTOS.dir/__/__/Middlewares/Third_Party/FreeRTOS/Source/timers.c.obj
 .bss.xLastTime.2
                0x200005c0        0x4 cmake/stm32cubemx/CMakeFiles/FreeRTOS.dir/__/__/Middlewares/Third_Party/FreeRTOS/Source/timers.c.obj
 .bss.ucStaticTimerQueueStorage.1
                0x200005c4       0xa0 cmake/stm32cubemx/CMakeFiles/FreeRTOS.dir/__/__/Middlewares/Third_Party/FreeRTOS/Source/timers.c.obj
 .bss.xStaticTimerQueue.0
                0x20000664       0x50 cmake/stm32cubemx/CMakeFiles/FreeRTOS.dir/__/__/Middlewares/Third_Party/FreeRTOS/Source/timers.c.obj
 .bss.KernelState
                0x200006b4        0x4 cmake/stm32cubemx/CMakeFiles/FreeRTOS.dir/__/__/Middlewares/Third_Party/FreeRTOS/Source/CMSIS_RTOS_V2/cmsis_os2.c.obj
 .bss.Idle_TCB.3
                0x200006b8       0x5c cmake/stm32cubemx/CMakeFiles/FreeRTOS.dir/__/__/Middlewares/Third_Party/FreeRTOS/Source/CMSIS_RTOS_V2/cmsis_os2.c.obj
 .bss.Idle_Stack.2
                0x20000714      0x200 cmake/stm32cubemx/CMakeFiles/FreeRTOS.dir/__/__/Middlewares/Third_Party/FreeRTOS/Source/CMSIS_RTOS_V2/cmsis_os2.c.obj
 .bss.Timer_TCB.1
                0x20000914       0x5c cmake/stm32cubemx/CMakeFiles/FreeRTOS.dir/__/__/Middlewares/Third_Party/FreeRTOS/Source/CMSIS_RTOS_V2/cmsis_os2.c.obj
 .bss.Timer_Stack.0
                0x20000970      0x400 cmake/stm32cubemx/CMakeFiles/FreeRTOS.dir/__/__/Middlewares/Third_Party/FreeRTOS/Source/CMSIS_RTOS_V2/cmsis_os2.c.obj
 .bss.ucHeap    0x20000d70     0x3c00 cmake/stm32cubemx/CMakeFiles/FreeRTOS.dir/__/__/Middlewares/Third_Party/FreeRTOS/Source/portable/MemMang/heap_4.c.obj
 .bss.xStart    0x20004970        0x8 cmake/stm32cubemx/CMakeFiles/FreeRTOS.dir/__/__/Middlewares/Third_Party/FreeRTOS/Source/portable/MemMang/heap_4.c.obj
 .bss.pxEnd     0x20004978        0x4 cmake/stm32cubemx/CMakeFiles/FreeRTOS.dir/__/__/Middlewares/Third_Party/FreeRTOS/Source/portable/MemMang/heap_4.c.obj
 .bss.xFreeBytesRemaining
                0x2000497c        0x4 cmake/stm32cubemx/CMakeFiles/FreeRTOS.dir/__/__/Middlewares/Third_Party/FreeRTOS/Source/portable/MemMang/heap_4.c.obj
 .bss.xMinimumEverFreeBytesRemaining
                0x20004980        0x4 cmake/stm32cubemx/CMakeFiles/FreeRTOS.dir/__/__/Middlewares/Third_Party/FreeRTOS/Source/portable/MemMang/heap_4.c.obj
 .bss.xNumberOfSuccessfulAllocations
                0x20004984        0x4 cmake/stm32cubemx/CMakeFiles/FreeRTOS.dir/__/__/Middlewares/Third_Party/FreeRTOS/Source/portable/MemMang/heap_4.c.obj
 .bss.xNumberOfSuccessfulFrees
                0x20004988        0x4 cmake/stm32cubemx/CMakeFiles/FreeRTOS.dir/__/__/Middlewares/Third_Party/FreeRTOS/Source/portable/MemMang/heap_4.c.obj
 .bss.xBlockAllocatedBit
                0x2000498c        0x4 cmake/stm32cubemx/CMakeFiles/FreeRTOS.dir/__/__/Middlewares/Third_Party/FreeRTOS/Source/portable/MemMang/heap_4.c.obj
 .bss.ucMaxSysCallPriority
                0x20004990        0x1 cmake/stm32cubemx/CMakeFiles/FreeRTOS.dir/__/__/Middlewares/Third_Party/FreeRTOS/Source/portable/GCC/ARM_CM4F/port.c.obj
 *fill*         0x20004991        0x3 
 .bss.ulMaxPRIGROUPValue
                0x20004994        0x4 cmake/stm32cubemx/CMakeFiles/FreeRTOS.dir/__/__/Middlewares/Third_Party/FreeRTOS/Source/portable/GCC/ARM_CM4F/port.c.obj
 .bss.disk      0x20004998        0xc cmake/stm32cubemx/CMakeFiles/FatFs.dir/__/__/Middlewares/Third_Party/FatFs/src/ff_gen_drv.c.obj
                0x20004998                disk
 .bss.retUSER   0x200049a4        0x1 CMakeFiles/Smart_Car_Template.dir/FATFS/App/fatfs.c.obj
                0x200049a4                retUSER
 *fill*         0x200049a5        0x3 
 .bss.USERPath  0x200049a8        0x4 CMakeFiles/Smart_Car_Template.dir/FATFS/App/fatfs.c.obj
                0x200049a8                USERPath
 .bss.taskHandle
                0x200049ac        0x4 CMakeFiles/Smart_Car_Template.dir/Core/Src/freertos.c.obj
                0x200049ac                taskHandle
 .bss.hadc1     0x200049b0       0x48 CMakeFiles/Smart_Car_Template.dir/Core/Src/adc.c.obj
                0x200049b0                hadc1
 .bss.hspi1     0x200049f8       0x58 CMakeFiles/Smart_Car_Template.dir/Core/Src/spi.c.obj
                0x200049f8                hspi1
 .bss.hspi2     0x20004a50       0x58 CMakeFiles/Smart_Car_Template.dir/Core/Src/spi.c.obj
                0x20004a50                hspi2
 .bss.hdma_spi2_tx
                0x20004aa8       0x60 CMakeFiles/Smart_Car_Template.dir/Core/Src/spi.c.obj
                0x20004aa8                hdma_spi2_tx
 .bss.htim1     0x20004b08       0x48 CMakeFiles/Smart_Car_Template.dir/Core/Src/tim.c.obj
                0x20004b08                htim1
 .bss.htim2     0x20004b50       0x48 CMakeFiles/Smart_Car_Template.dir/Core/Src/tim.c.obj
                0x20004b50                htim2
 .bss.htim3     0x20004b98       0x48 CMakeFiles/Smart_Car_Template.dir/Core/Src/tim.c.obj
                0x20004b98                htim3
 .bss.htim4     0x20004be0       0x48 CMakeFiles/Smart_Car_Template.dir/Core/Src/tim.c.obj
                0x20004be0                htim4
 .bss.htim5     0x20004c28       0x48 CMakeFiles/Smart_Car_Template.dir/Core/Src/tim.c.obj
                0x20004c28                htim5
 .bss.huart1    0x20004c70       0x48 CMakeFiles/Smart_Car_Template.dir/Core/Src/usart.c.obj
                0x20004c70                huart1
 .bss.huart2    0x20004cb8       0x48 CMakeFiles/Smart_Car_Template.dir/Core/Src/usart.c.obj
                0x20004cb8                huart2
 .bss.htim10    0x20004d00       0x48 CMakeFiles/Smart_Car_Template.dir/Core/Src/stm32f4xx_hal_timebase_tim.c.obj
                0x20004d00                htim10
 *(COMMON)
                0x20004d48                        . = ALIGN (0x4)
                0x20004d48                        _ebss = .
                0x20004d48                        __bss_end__ = _ebss

._user_heap_stack
                0x20004d48     0x1400 load address 0x0800825c
                0x20004d48                        . = ALIGN (0x8)
                [!provide]                        PROVIDE (end = .)
                0x20004d48                        PROVIDE (_end = .)
                0x20005d48                        . = (. + _Min_Heap_Size)
 *fill*         0x20004d48     0x1000 
                0x20006148                        . = (. + _Min_Stack_Size)
 *fill*         0x20005d48      0x400 
                0x20006148                        . = ALIGN (0x8)

/DISCARD/
 libc.a(*)
 libm.a(*)
 libgcc.a(*)
OUTPUT(Smart_Car_Template.elf elf32-littlearm)
LOAD linker stubs
LOAD D:/ARMGNU~1/14EFD8~1.2RE/bin/../lib/gcc/arm-none-eabi/14.2.1/thumb/v7e-m+fp/hard\libc.a
LOAD D:/ARMGNU~1/14EFD8~1.2RE/bin/../lib/gcc/arm-none-eabi/14.2.1/thumb/v7e-m+fp/hard\libm.a
LOAD D:/ARMGNU~1/14EFD8~1.2RE/bin/../lib/gcc/arm-none-eabi/14.2.1/thumb/v7e-m+fp/hard\libgcc.a

.ARM.attributes
                0x00000000       0x30
 .ARM.attributes
                0x00000000       0x22 D:/ARMGNU~1/14EFD8~1.2RE/bin/../lib/gcc/arm-none-eabi/14.2.1/thumb/v7e-m+fp/hard/crti.o
 .ARM.attributes
                0x00000022       0x34 D:/ARMGNU~1/14EFD8~1.2RE/bin/../lib/gcc/arm-none-eabi/14.2.1/thumb/v7e-m+fp/hard/crtbegin.o
 .ARM.attributes
                0x00000056       0x34 D:/ARMGNU~1/14EFD8~1.2RE/bin/../lib/gcc/arm-none-eabi/14.2.1/thumb/v7e-m+fp/hard\libc_nano.a(libc_a-memset.o)
 .ARM.attributes
                0x0000008a       0x34 D:/ARMGNU~1/14EFD8~1.2RE/bin/../lib/gcc/arm-none-eabi/14.2.1/thumb/v7e-m+fp/hard\libc_nano.a(libc_a-init.o)
 .ARM.attributes
                0x000000be       0x34 cmake/stm32cubemx/CMakeFiles/STM32_Drivers.dir/__/__/Core/Src/system_stm32f4xx.c.obj
 .ARM.attributes
                0x000000f2       0x34 cmake/stm32cubemx/CMakeFiles/STM32_Drivers.dir/__/__/Drivers/STM32F4xx_HAL_Driver/Src/stm32f4xx_hal_tim.c.obj
 .ARM.attributes
                0x00000126       0x34 cmake/stm32cubemx/CMakeFiles/STM32_Drivers.dir/__/__/Drivers/STM32F4xx_HAL_Driver/Src/stm32f4xx_hal_tim_ex.c.obj
 .ARM.attributes
                0x0000015a       0x34 cmake/stm32cubemx/CMakeFiles/STM32_Drivers.dir/__/__/Drivers/STM32F4xx_HAL_Driver/Src/stm32f4xx_hal_adc.c.obj
 .ARM.attributes
                0x0000018e       0x34 cmake/stm32cubemx/CMakeFiles/STM32_Drivers.dir/__/__/Drivers/STM32F4xx_HAL_Driver/Src/stm32f4xx_hal_rcc.c.obj
 .ARM.attributes
                0x000001c2       0x34 cmake/stm32cubemx/CMakeFiles/STM32_Drivers.dir/__/__/Drivers/STM32F4xx_HAL_Driver/Src/stm32f4xx_hal_gpio.c.obj
 .ARM.attributes
                0x000001f6       0x34 cmake/stm32cubemx/CMakeFiles/STM32_Drivers.dir/__/__/Drivers/STM32F4xx_HAL_Driver/Src/stm32f4xx_hal_dma.c.obj
 .ARM.attributes
                0x0000022a       0x34 cmake/stm32cubemx/CMakeFiles/STM32_Drivers.dir/__/__/Drivers/STM32F4xx_HAL_Driver/Src/stm32f4xx_hal_cortex.c.obj
 .ARM.attributes
                0x0000025e       0x34 cmake/stm32cubemx/CMakeFiles/STM32_Drivers.dir/__/__/Drivers/STM32F4xx_HAL_Driver/Src/stm32f4xx_hal.c.obj
 .ARM.attributes
                0x00000292       0x34 cmake/stm32cubemx/CMakeFiles/STM32_Drivers.dir/__/__/Drivers/STM32F4xx_HAL_Driver/Src/stm32f4xx_hal_spi.c.obj
 .ARM.attributes
                0x000002c6       0x34 cmake/stm32cubemx/CMakeFiles/STM32_Drivers.dir/__/__/Drivers/STM32F4xx_HAL_Driver/Src/stm32f4xx_hal_uart.c.obj
 .ARM.attributes
                0x000002fa       0x34 cmake/stm32cubemx/CMakeFiles/FreeRTOS.dir/__/__/Middlewares/Third_Party/FreeRTOS/Source/list.c.obj
 .ARM.attributes
                0x0000032e       0x34 cmake/stm32cubemx/CMakeFiles/FreeRTOS.dir/__/__/Middlewares/Third_Party/FreeRTOS/Source/queue.c.obj
 .ARM.attributes
                0x00000362       0x34 cmake/stm32cubemx/CMakeFiles/FreeRTOS.dir/__/__/Middlewares/Third_Party/FreeRTOS/Source/tasks.c.obj
 .ARM.attributes
                0x00000396       0x34 cmake/stm32cubemx/CMakeFiles/FreeRTOS.dir/__/__/Middlewares/Third_Party/FreeRTOS/Source/timers.c.obj
 .ARM.attributes
                0x000003ca       0x34 cmake/stm32cubemx/CMakeFiles/FreeRTOS.dir/__/__/Middlewares/Third_Party/FreeRTOS/Source/CMSIS_RTOS_V2/cmsis_os2.c.obj
 .ARM.attributes
                0x000003fe       0x34 cmake/stm32cubemx/CMakeFiles/FreeRTOS.dir/__/__/Middlewares/Third_Party/FreeRTOS/Source/portable/MemMang/heap_4.c.obj
 .ARM.attributes
                0x00000432       0x34 cmake/stm32cubemx/CMakeFiles/FreeRTOS.dir/__/__/Middlewares/Third_Party/FreeRTOS/Source/portable/GCC/ARM_CM4F/port.c.obj
 .ARM.attributes
                0x00000466       0x34 cmake/stm32cubemx/CMakeFiles/FatFs.dir/__/__/Middlewares/Third_Party/FatFs/src/ff_gen_drv.c.obj
 .ARM.attributes
                0x0000049a       0x34 CMakeFiles/Smart_Car_Template.dir/FATFS/App/fatfs.c.obj
 .ARM.attributes
                0x000004ce       0x34 CMakeFiles/Smart_Car_Template.dir/FATFS/Target/user_diskio.c.obj
 .ARM.attributes
                0x00000502       0x34 CMakeFiles/Smart_Car_Template.dir/Core/Src/main.c.obj
 .ARM.attributes
                0x00000536       0x34 CMakeFiles/Smart_Car_Template.dir/Core/Src/gpio.c.obj
 .ARM.attributes
                0x0000056a       0x34 CMakeFiles/Smart_Car_Template.dir/Core/Src/freertos.c.obj
 .ARM.attributes
                0x0000059e       0x34 CMakeFiles/Smart_Car_Template.dir/Core/Src/adc.c.obj
 .ARM.attributes
                0x000005d2       0x34 CMakeFiles/Smart_Car_Template.dir/Core/Src/dma.c.obj
 .ARM.attributes
                0x00000606       0x34 CMakeFiles/Smart_Car_Template.dir/Core/Src/spi.c.obj
 .ARM.attributes
                0x0000063a       0x34 CMakeFiles/Smart_Car_Template.dir/Core/Src/tim.c.obj
 .ARM.attributes
                0x0000066e       0x34 CMakeFiles/Smart_Car_Template.dir/Core/Src/usart.c.obj
 .ARM.attributes
                0x000006a2       0x34 CMakeFiles/Smart_Car_Template.dir/Core/Src/stm32f4xx_it.c.obj
 .ARM.attributes
                0x000006d6       0x34 CMakeFiles/Smart_Car_Template.dir/Core/Src/stm32f4xx_hal_msp.c.obj
 .ARM.attributes
                0x0000070a       0x34 CMakeFiles/Smart_Car_Template.dir/Core/Src/stm32f4xx_hal_timebase_tim.c.obj
 .ARM.attributes
                0x0000073e       0x21 CMakeFiles/Smart_Car_Template.dir/startup_stm32f411xe.s.obj
 .ARM.attributes
                0x0000075f       0x22 D:/ARMGNU~1/14EFD8~1.2RE/bin/../lib/gcc/arm-none-eabi/14.2.1/thumb/v7e-m+fp/hard\libgcc.a(_aeabi_uldivmod.o)
 .ARM.attributes
                0x00000781       0x34 D:/ARMGNU~1/14EFD8~1.2RE/bin/../lib/gcc/arm-none-eabi/14.2.1/thumb/v7e-m+fp/hard\libgcc.a(_udivmoddi4.o)
 .ARM.attributes
                0x000007b5       0x22 D:/ARMGNU~1/14EFD8~1.2RE/bin/../lib/gcc/arm-none-eabi/14.2.1/thumb/v7e-m+fp/hard\libgcc.a(_dvmd_tls.o)
 .ARM.attributes
                0x000007d7       0x34 D:/ARMGNU~1/14EFD8~1.2RE/bin/../lib/gcc/arm-none-eabi/14.2.1/thumb/v7e-m+fp/hard\libg_nano.a(libc_a-memcpy-stub.o)
 .ARM.attributes
                0x0000080b       0x34 D:/ARMGNU~1/14EFD8~1.2RE/bin/../lib/gcc/arm-none-eabi/14.2.1/thumb/v7e-m+fp/hard/crtend.o
 .ARM.attributes
                0x0000083f       0x22 D:/ARMGNU~1/14EFD8~1.2RE/bin/../lib/gcc/arm-none-eabi/14.2.1/thumb/v7e-m+fp/hard/crtn.o

.comment        0x00000000       0x45
 .comment       0x00000000       0x45 cmake/stm32cubemx/CMakeFiles/STM32_Drivers.dir/__/__/Core/Src/system_stm32f4xx.c.obj
                                 0x46 (size before relaxing)
 .comment       0x00000045       0x46 cmake/stm32cubemx/CMakeFiles/STM32_Drivers.dir/__/__/Drivers/STM32F4xx_HAL_Driver/Src/stm32f4xx_hal_tim.c.obj
 .comment       0x00000045       0x46 cmake/stm32cubemx/CMakeFiles/STM32_Drivers.dir/__/__/Drivers/STM32F4xx_HAL_Driver/Src/stm32f4xx_hal_tim_ex.c.obj
 .comment       0x00000045       0x46 cmake/stm32cubemx/CMakeFiles/STM32_Drivers.dir/__/__/Drivers/STM32F4xx_HAL_Driver/Src/stm32f4xx_hal_adc.c.obj
 .comment       0x00000045       0x46 cmake/stm32cubemx/CMakeFiles/STM32_Drivers.dir/__/__/Drivers/STM32F4xx_HAL_Driver/Src/stm32f4xx_hal_rcc.c.obj
 .comment       0x00000045       0x46 cmake/stm32cubemx/CMakeFiles/STM32_Drivers.dir/__/__/Drivers/STM32F4xx_HAL_Driver/Src/stm32f4xx_hal_gpio.c.obj
 .comment       0x00000045       0x46 cmake/stm32cubemx/CMakeFiles/STM32_Drivers.dir/__/__/Drivers/STM32F4xx_HAL_Driver/Src/stm32f4xx_hal_dma.c.obj
 .comment       0x00000045       0x46 cmake/stm32cubemx/CMakeFiles/STM32_Drivers.dir/__/__/Drivers/STM32F4xx_HAL_Driver/Src/stm32f4xx_hal_cortex.c.obj
 .comment       0x00000045       0x46 cmake/stm32cubemx/CMakeFiles/STM32_Drivers.dir/__/__/Drivers/STM32F4xx_HAL_Driver/Src/stm32f4xx_hal.c.obj
 .comment       0x00000045       0x46 cmake/stm32cubemx/CMakeFiles/STM32_Drivers.dir/__/__/Drivers/STM32F4xx_HAL_Driver/Src/stm32f4xx_hal_spi.c.obj
 .comment       0x00000045       0x46 cmake/stm32cubemx/CMakeFiles/STM32_Drivers.dir/__/__/Drivers/STM32F4xx_HAL_Driver/Src/stm32f4xx_hal_uart.c.obj
 .comment       0x00000045       0x46 cmake/stm32cubemx/CMakeFiles/FreeRTOS.dir/__/__/Middlewares/Third_Party/FreeRTOS/Source/list.c.obj
 .comment       0x00000045       0x46 cmake/stm32cubemx/CMakeFiles/FreeRTOS.dir/__/__/Middlewares/Third_Party/FreeRTOS/Source/queue.c.obj
 .comment       0x00000045       0x46 cmake/stm32cubemx/CMakeFiles/FreeRTOS.dir/__/__/Middlewares/Third_Party/FreeRTOS/Source/tasks.c.obj
 .comment       0x00000045       0x46 cmake/stm32cubemx/CMakeFiles/FreeRTOS.dir/__/__/Middlewares/Third_Party/FreeRTOS/Source/timers.c.obj
 .comment       0x00000045       0x46 cmake/stm32cubemx/CMakeFiles/FreeRTOS.dir/__/__/Middlewares/Third_Party/FreeRTOS/Source/CMSIS_RTOS_V2/cmsis_os2.c.obj
 .comment       0x00000045       0x46 cmake/stm32cubemx/CMakeFiles/FreeRTOS.dir/__/__/Middlewares/Third_Party/FreeRTOS/Source/portable/MemMang/heap_4.c.obj
 .comment       0x00000045       0x46 cmake/stm32cubemx/CMakeFiles/FreeRTOS.dir/__/__/Middlewares/Third_Party/FreeRTOS/Source/portable/GCC/ARM_CM4F/port.c.obj
 .comment       0x00000045       0x46 cmake/stm32cubemx/CMakeFiles/FatFs.dir/__/__/Middlewares/Third_Party/FatFs/src/ff_gen_drv.c.obj
 .comment       0x00000045       0x46 CMakeFiles/Smart_Car_Template.dir/FATFS/App/fatfs.c.obj
 .comment       0x00000045       0x46 CMakeFiles/Smart_Car_Template.dir/FATFS/Target/user_diskio.c.obj
 .comment       0x00000045       0x46 CMakeFiles/Smart_Car_Template.dir/Core/Src/main.c.obj
 .comment       0x00000045       0x46 CMakeFiles/Smart_Car_Template.dir/Core/Src/gpio.c.obj
 .comment       0x00000045       0x46 CMakeFiles/Smart_Car_Template.dir/Core/Src/freertos.c.obj
 .comment       0x00000045       0x46 CMakeFiles/Smart_Car_Template.dir/Core/Src/adc.c.obj
 .comment       0x00000045       0x46 CMakeFiles/Smart_Car_Template.dir/Core/Src/dma.c.obj
 .comment       0x00000045       0x46 CMakeFiles/Smart_Car_Template.dir/Core/Src/spi.c.obj
 .comment       0x00000045       0x46 CMakeFiles/Smart_Car_Template.dir/Core/Src/tim.c.obj
 .comment       0x00000045       0x46 CMakeFiles/Smart_Car_Template.dir/Core/Src/usart.c.obj
 .comment       0x00000045       0x46 CMakeFiles/Smart_Car_Template.dir/Core/Src/stm32f4xx_it.c.obj
 .comment       0x00000045       0x46 CMakeFiles/Smart_Car_Template.dir/Core/Src/stm32f4xx_hal_msp.c.obj
 .comment       0x00000045       0x46 CMakeFiles/Smart_Car_Template.dir/Core/Src/stm32f4xx_hal_timebase_tim.c.obj

.debug_frame    0x00000000     0x6750
 .debug_frame   0x00000000       0x20 D:/ARMGNU~1/14EFD8~1.2RE/bin/../lib/gcc/arm-none-eabi/14.2.1/thumb/v7e-m+fp/hard\libc_nano.a(libc_a-memset.o)
 .debug_frame   0x00000020       0x2c D:/ARMGNU~1/14EFD8~1.2RE/bin/../lib/gcc/arm-none-eabi/14.2.1/thumb/v7e-m+fp/hard\libc_nano.a(libc_a-init.o)
 .debug_frame   0x0000004c       0x58 cmake/stm32cubemx/CMakeFiles/STM32_Drivers.dir/__/__/Core/Src/system_stm32f4xx.c.obj
 .debug_frame   0x000000a4     0x11b8 cmake/stm32cubemx/CMakeFiles/STM32_Drivers.dir/__/__/Drivers/STM32F4xx_HAL_Driver/Src/stm32f4xx_hal_tim.c.obj
 .debug_frame   0x0000125c      0x638 cmake/stm32cubemx/CMakeFiles/STM32_Drivers.dir/__/__/Drivers/STM32F4xx_HAL_Driver/Src/stm32f4xx_hal_tim_ex.c.obj
 .debug_frame   0x00001894      0x3fc cmake/stm32cubemx/CMakeFiles/STM32_Drivers.dir/__/__/Drivers/STM32F4xx_HAL_Driver/Src/stm32f4xx_hal_adc.c.obj
 .debug_frame   0x00001c90      0x1f4 cmake/stm32cubemx/CMakeFiles/STM32_Drivers.dir/__/__/Drivers/STM32F4xx_HAL_Driver/Src/stm32f4xx_hal_rcc.c.obj
 .debug_frame   0x00001e84      0x14c cmake/stm32cubemx/CMakeFiles/STM32_Drivers.dir/__/__/Drivers/STM32F4xx_HAL_Driver/Src/stm32f4xx_hal_gpio.c.obj
 .debug_frame   0x00001fd0      0x250 cmake/stm32cubemx/CMakeFiles/STM32_Drivers.dir/__/__/Drivers/STM32F4xx_HAL_Driver/Src/stm32f4xx_hal_dma.c.obj
 .debug_frame   0x00002220      0x508 cmake/stm32cubemx/CMakeFiles/STM32_Drivers.dir/__/__/Drivers/STM32F4xx_HAL_Driver/Src/stm32f4xx_hal_cortex.c.obj
 .debug_frame   0x00002728      0x374 cmake/stm32cubemx/CMakeFiles/STM32_Drivers.dir/__/__/Drivers/STM32F4xx_HAL_Driver/Src/stm32f4xx_hal.c.obj
 .debug_frame   0x00002a9c      0x828 cmake/stm32cubemx/CMakeFiles/STM32_Drivers.dir/__/__/Drivers/STM32F4xx_HAL_Driver/Src/stm32f4xx_hal_spi.c.obj
 .debug_frame   0x000032c4      0x954 cmake/stm32cubemx/CMakeFiles/STM32_Drivers.dir/__/__/Drivers/STM32F4xx_HAL_Driver/Src/stm32f4xx_hal_uart.c.obj
 .debug_frame   0x00003c18       0xd8 cmake/stm32cubemx/CMakeFiles/FreeRTOS.dir/__/__/Middlewares/Third_Party/FreeRTOS/Source/list.c.obj
 .debug_frame   0x00003cf0      0x5ec cmake/stm32cubemx/CMakeFiles/FreeRTOS.dir/__/__/Middlewares/Third_Party/FreeRTOS/Source/queue.c.obj
 .debug_frame   0x000042dc      0x8f0 cmake/stm32cubemx/CMakeFiles/FreeRTOS.dir/__/__/Middlewares/Third_Party/FreeRTOS/Source/tasks.c.obj
 .debug_frame   0x00004bcc      0x400 cmake/stm32cubemx/CMakeFiles/FreeRTOS.dir/__/__/Middlewares/Third_Party/FreeRTOS/Source/timers.c.obj
 .debug_frame   0x00004fcc      0xbe4 cmake/stm32cubemx/CMakeFiles/FreeRTOS.dir/__/__/Middlewares/Third_Party/FreeRTOS/Source/CMSIS_RTOS_V2/cmsis_os2.c.obj
 .debug_frame   0x00005bb0      0x12c cmake/stm32cubemx/CMakeFiles/FreeRTOS.dir/__/__/Middlewares/Third_Party/FreeRTOS/Source/portable/MemMang/heap_4.c.obj
 .debug_frame   0x00005cdc      0x1a8 cmake/stm32cubemx/CMakeFiles/FreeRTOS.dir/__/__/Middlewares/Third_Party/FreeRTOS/Source/portable/GCC/ARM_CM4F/port.c.obj
 .debug_frame   0x00005e84       0xc8 cmake/stm32cubemx/CMakeFiles/FatFs.dir/__/__/Middlewares/Third_Party/FatFs/src/ff_gen_drv.c.obj
 .debug_frame   0x00005f4c       0x4c CMakeFiles/Smart_Car_Template.dir/FATFS/App/fatfs.c.obj
 .debug_frame   0x00005f98       0xd8 CMakeFiles/Smart_Car_Template.dir/FATFS/Target/user_diskio.c.obj
 .debug_frame   0x00006070       0x8c CMakeFiles/Smart_Car_Template.dir/Core/Src/main.c.obj
 .debug_frame   0x000060fc       0x34 CMakeFiles/Smart_Car_Template.dir/Core/Src/gpio.c.obj
 .debug_frame   0x00006130       0x4c CMakeFiles/Smart_Car_Template.dir/Core/Src/freertos.c.obj
 .debug_frame   0x0000617c       0x7c CMakeFiles/Smart_Car_Template.dir/Core/Src/adc.c.obj
 .debug_frame   0x000061f8       0x34 CMakeFiles/Smart_Car_Template.dir/Core/Src/dma.c.obj
 .debug_frame   0x0000622c       0x90 CMakeFiles/Smart_Car_Template.dir/Core/Src/spi.c.obj
 .debug_frame   0x000062bc      0x130 CMakeFiles/Smart_Car_Template.dir/Core/Src/tim.c.obj
 .debug_frame   0x000063ec       0x90 CMakeFiles/Smart_Car_Template.dir/Core/Src/usart.c.obj
 .debug_frame   0x0000647c      0x1a4 CMakeFiles/Smart_Car_Template.dir/Core/Src/stm32f4xx_it.c.obj
 .debug_frame   0x00006620       0x34 CMakeFiles/Smart_Car_Template.dir/Core/Src/stm32f4xx_hal_msp.c.obj
 .debug_frame   0x00006654       0x74 CMakeFiles/Smart_Car_Template.dir/Core/Src/stm32f4xx_hal_timebase_tim.c.obj
 .debug_frame   0x000066c8       0x2c D:/ARMGNU~1/14EFD8~1.2RE/bin/../lib/gcc/arm-none-eabi/14.2.1/thumb/v7e-m+fp/hard\libgcc.a(_aeabi_uldivmod.o)
 .debug_frame   0x000066f4       0x34 D:/ARMGNU~1/14EFD8~1.2RE/bin/../lib/gcc/arm-none-eabi/14.2.1/thumb/v7e-m+fp/hard\libgcc.a(_udivmoddi4.o)
 .debug_frame   0x00006728       0x28 D:/ARMGNU~1/14EFD8~1.2RE/bin/../lib/gcc/arm-none-eabi/14.2.1/thumb/v7e-m+fp/hard\libg_nano.a(libc_a-memcpy-stub.o)

.debug_info     0x00000000    0x1d124
 .debug_info    0x00000000      0x53e cmake/stm32cubemx/CMakeFiles/STM32_Drivers.dir/__/__/Core/Src/system_stm32f4xx.c.obj
 .debug_info    0x0000053e     0x2996 cmake/stm32cubemx/CMakeFiles/STM32_Drivers.dir/__/__/Drivers/STM32F4xx_HAL_Driver/Src/stm32f4xx_hal_tim.c.obj
 .debug_info    0x00002ed4     0x14d4 cmake/stm32cubemx/CMakeFiles/STM32_Drivers.dir/__/__/Drivers/STM32F4xx_HAL_Driver/Src/stm32f4xx_hal_tim_ex.c.obj
 .debug_info    0x000043a8      0xcd1 cmake/stm32cubemx/CMakeFiles/STM32_Drivers.dir/__/__/Drivers/STM32F4xx_HAL_Driver/Src/stm32f4xx_hal_adc.c.obj
 .debug_info    0x00005079      0x8f0 cmake/stm32cubemx/CMakeFiles/STM32_Drivers.dir/__/__/Drivers/STM32F4xx_HAL_Driver/Src/stm32f4xx_hal_rcc.c.obj
 .debug_info    0x00005969      0x6f9 cmake/stm32cubemx/CMakeFiles/STM32_Drivers.dir/__/__/Drivers/STM32F4xx_HAL_Driver/Src/stm32f4xx_hal_gpio.c.obj
 .debug_info    0x00006062      0x8e6 cmake/stm32cubemx/CMakeFiles/STM32_Drivers.dir/__/__/Drivers/STM32F4xx_HAL_Driver/Src/stm32f4xx_hal_dma.c.obj
 .debug_info    0x00006948      0xcfc cmake/stm32cubemx/CMakeFiles/STM32_Drivers.dir/__/__/Drivers/STM32F4xx_HAL_Driver/Src/stm32f4xx_hal_cortex.c.obj
 .debug_info    0x00007644      0x8c4 cmake/stm32cubemx/CMakeFiles/STM32_Drivers.dir/__/__/Drivers/STM32F4xx_HAL_Driver/Src/stm32f4xx_hal.c.obj
 .debug_info    0x00007f08     0x1530 cmake/stm32cubemx/CMakeFiles/STM32_Drivers.dir/__/__/Drivers/STM32F4xx_HAL_Driver/Src/stm32f4xx_hal_spi.c.obj
 .debug_info    0x00009438     0x2f56 cmake/stm32cubemx/CMakeFiles/STM32_Drivers.dir/__/__/Drivers/STM32F4xx_HAL_Driver/Src/stm32f4xx_hal_uart.c.obj
 .debug_info    0x0000c38e      0x2af cmake/stm32cubemx/CMakeFiles/FreeRTOS.dir/__/__/Middlewares/Third_Party/FreeRTOS/Source/list.c.obj
 .debug_info    0x0000c63d     0x1b79 cmake/stm32cubemx/CMakeFiles/FreeRTOS.dir/__/__/Middlewares/Third_Party/FreeRTOS/Source/queue.c.obj
 .debug_info    0x0000e1b6     0x21ec cmake/stm32cubemx/CMakeFiles/FreeRTOS.dir/__/__/Middlewares/Third_Party/FreeRTOS/Source/tasks.c.obj
 .debug_info    0x000103a2     0x1488 cmake/stm32cubemx/CMakeFiles/FreeRTOS.dir/__/__/Middlewares/Third_Party/FreeRTOS/Source/timers.c.obj
 .debug_info    0x0001182a     0x39dd cmake/stm32cubemx/CMakeFiles/FreeRTOS.dir/__/__/Middlewares/Third_Party/FreeRTOS/Source/CMSIS_RTOS_V2/cmsis_os2.c.obj
 .debug_info    0x00015207      0x4d5 cmake/stm32cubemx/CMakeFiles/FreeRTOS.dir/__/__/Middlewares/Third_Party/FreeRTOS/Source/portable/MemMang/heap_4.c.obj
 .debug_info    0x000156dc      0x4de cmake/stm32cubemx/CMakeFiles/FreeRTOS.dir/__/__/Middlewares/Third_Party/FreeRTOS/Source/portable/GCC/ARM_CM4F/port.c.obj
 .debug_info    0x00015bba      0x37f cmake/stm32cubemx/CMakeFiles/FatFs.dir/__/__/Middlewares/Third_Party/FatFs/src/ff_gen_drv.c.obj
 .debug_info    0x00015f39      0x521 CMakeFiles/Smart_Car_Template.dir/FATFS/App/fatfs.c.obj
 .debug_info    0x0001645a      0x328 CMakeFiles/Smart_Car_Template.dir/FATFS/Target/user_diskio.c.obj
 .debug_info    0x00016782      0xb9b CMakeFiles/Smart_Car_Template.dir/Core/Src/main.c.obj
 .debug_info    0x0001731d      0x5fc CMakeFiles/Smart_Car_Template.dir/Core/Src/gpio.c.obj
 .debug_info    0x00017919      0x8f4 CMakeFiles/Smart_Car_Template.dir/Core/Src/freertos.c.obj
 .debug_info    0x0001820d      0x9c6 CMakeFiles/Smart_Car_Template.dir/Core/Src/adc.c.obj
 .debug_info    0x00018bd3      0x445 CMakeFiles/Smart_Car_Template.dir/Core/Src/dma.c.obj
 .debug_info    0x00019018      0xa15 CMakeFiles/Smart_Car_Template.dir/Core/Src/spi.c.obj
 .debug_info    0x00019a2d     0x1160 CMakeFiles/Smart_Car_Template.dir/Core/Src/tim.c.obj
 .debug_info    0x0001ab8d      0xb86 CMakeFiles/Smart_Car_Template.dir/Core/Src/usart.c.obj
 .debug_info    0x0001b713      0xa1d CMakeFiles/Smart_Car_Template.dir/Core/Src/stm32f4xx_it.c.obj
 .debug_info    0x0001c130      0x44f CMakeFiles/Smart_Car_Template.dir/Core/Src/stm32f4xx_hal_msp.c.obj
 .debug_info    0x0001c57f      0xb75 CMakeFiles/Smart_Car_Template.dir/Core/Src/stm32f4xx_hal_timebase_tim.c.obj
 .debug_info    0x0001d0f4       0x30 CMakeFiles/Smart_Car_Template.dir/startup_stm32f411xe.s.obj

.debug_abbrev   0x00000000     0x473d
 .debug_abbrev  0x00000000      0x11a cmake/stm32cubemx/CMakeFiles/STM32_Drivers.dir/__/__/Core/Src/system_stm32f4xx.c.obj
 .debug_abbrev  0x0000011a      0x28b cmake/stm32cubemx/CMakeFiles/STM32_Drivers.dir/__/__/Drivers/STM32F4xx_HAL_Driver/Src/stm32f4xx_hal_tim.c.obj
 .debug_abbrev  0x000003a5      0x296 cmake/stm32cubemx/CMakeFiles/STM32_Drivers.dir/__/__/Drivers/STM32F4xx_HAL_Driver/Src/stm32f4xx_hal_tim_ex.c.obj
 .debug_abbrev  0x0000063b      0x20e cmake/stm32cubemx/CMakeFiles/STM32_Drivers.dir/__/__/Drivers/STM32F4xx_HAL_Driver/Src/stm32f4xx_hal_adc.c.obj
 .debug_abbrev  0x00000849      0x2b6 cmake/stm32cubemx/CMakeFiles/STM32_Drivers.dir/__/__/Drivers/STM32F4xx_HAL_Driver/Src/stm32f4xx_hal_rcc.c.obj
 .debug_abbrev  0x00000aff      0x1d3 cmake/stm32cubemx/CMakeFiles/STM32_Drivers.dir/__/__/Drivers/STM32F4xx_HAL_Driver/Src/stm32f4xx_hal_gpio.c.obj
 .debug_abbrev  0x00000cd2      0x221 cmake/stm32cubemx/CMakeFiles/STM32_Drivers.dir/__/__/Drivers/STM32F4xx_HAL_Driver/Src/stm32f4xx_hal_dma.c.obj
 .debug_abbrev  0x00000ef3      0x31d cmake/stm32cubemx/CMakeFiles/STM32_Drivers.dir/__/__/Drivers/STM32F4xx_HAL_Driver/Src/stm32f4xx_hal_cortex.c.obj
 .debug_abbrev  0x00001210      0x24b cmake/stm32cubemx/CMakeFiles/STM32_Drivers.dir/__/__/Drivers/STM32F4xx_HAL_Driver/Src/stm32f4xx_hal.c.obj
 .debug_abbrev  0x0000145b      0x276 cmake/stm32cubemx/CMakeFiles/STM32_Drivers.dir/__/__/Drivers/STM32F4xx_HAL_Driver/Src/stm32f4xx_hal_spi.c.obj
 .debug_abbrev  0x000016d1      0x31b cmake/stm32cubemx/CMakeFiles/STM32_Drivers.dir/__/__/Drivers/STM32F4xx_HAL_Driver/Src/stm32f4xx_hal_uart.c.obj
 .debug_abbrev  0x000019ec       0xf5 cmake/stm32cubemx/CMakeFiles/FreeRTOS.dir/__/__/Middlewares/Third_Party/FreeRTOS/Source/list.c.obj
 .debug_abbrev  0x00001ae1      0x3b6 cmake/stm32cubemx/CMakeFiles/FreeRTOS.dir/__/__/Middlewares/Third_Party/FreeRTOS/Source/queue.c.obj